../drivers/Src/stm32f446xx_spi_driver.c:20:6:SPI_ClockCtrl	16	static
../drivers/Src/stm32f446xx_spi_driver.c:47:6:SPI_Init	24	static
../drivers/Src/stm32f446xx_spi_driver.c:89:6:SPI_DeInit	16	static
../drivers/Src/stm32f446xx_spi_driver.c:114:6:SPI_SendData	24	static
../drivers/Src/stm32f446xx_spi_driver.c:137:6:SPI_ReceiveData	24	static
../drivers/Src/stm32f446xx_spi_driver.c:170:9:SPI_SendData_IT	32	static
../drivers/Src/stm32f446xx_spi_driver.c:191:9:SPI_ReceiveData_IT	32	static
../drivers/Src/stm32f446xx_spi_driver.c:215:6:SPI_IRQEnableConfig	16	static
../drivers/Src/stm32f446xx_spi_driver.c:255:6:SPI_IRQPriorityConfig	24	static
../drivers/Src/stm32f446xx_spi_driver.c:265:6:SPI_IRQHandling	24	static
../drivers/Src/stm32f446xx_spi_driver.c:303:13:SPI_TXE_ITHandler	16	static
../drivers/Src/stm32f446xx_spi_driver.c:330:13:SPI_RXNE_ITHandler	16	static
../drivers/Src/stm32f446xx_spi_driver.c:357:13:SPI_OVR_ITHandler	16	static
../drivers/Src/stm32f446xx_spi_driver.c:374:6:SPI_PeripheralConfig	16	static
../drivers/Src/stm32f446xx_spi_driver.c:384:6:SPI_SSIConfig	16	static
../drivers/Src/stm32f446xx_spi_driver.c:394:6:SPI_SSOEConfig	16	static
../drivers/Src/stm32f446xx_spi_driver.c:404:9:SPI_GetFlagStatus	16	static
../drivers/Src/stm32f446xx_spi_driver.c:413:6:SPI_ClearOVRFlag	24	static
../drivers/Src/stm32f446xx_spi_driver.c:421:6:SPI_CloseTransmission	16	static
../drivers/Src/stm32f446xx_spi_driver.c:429:6:SPI_CloseReception	16	static
../drivers/Src/stm32f446xx_spi_driver.c:440:13:SPI_ApplicationEventCB	16	static
