../drivers/Src/stm32f446xx_i2c_driver.c:30:13:I2C_GenStartCondition	16	static
../drivers/Src/stm32f446xx_i2c_driver.c:34:13:I2C_ExecuteAddrPhase_RW	16	static
../drivers/Src/stm32f446xx_i2c_driver.c:46:13:I2C_ClearADDRFlag	24	static
../drivers/Src/stm32f446xx_i2c_driver.c:73:6:I2C_GenStopCondition	16	static
../drivers/Src/stm32f446xx_i2c_driver.c:77:6:I2C_SetORClr_ACK	16	static
../drivers/Src/stm32f446xx_i2c_driver.c:90:6:I2C_ClockCtrl	16	static
../drivers/Src/stm32f446xx_i2c_driver.c:113:6:I2C_Init	24	static
../drivers/Src/stm32f446xx_i2c_driver.c:176:6:I2C_DeInit	16	static
../drivers/Src/stm32f446xx_i2c_driver.c:191:6:I2C_MasterSendData	24	static
../drivers/Src/stm32f446xx_i2c_driver.c:230:6:I2C_MasterRecvData	32	static
../drivers/Src/stm32f446xx_i2c_driver.c:305:9:I2C_MasterSendData_IT	32	static
../drivers/Src/stm32f446xx_i2c_driver.c:333:9:I2C_MasterRecvData_IT	32	static
../drivers/Src/stm32f446xx_i2c_driver.c:365:6:I2C_SlaveSendData	16	static
../drivers/Src/stm32f446xx_i2c_driver.c:370:9:I2C_SlaveRecvData	16	static
../drivers/Src/stm32f446xx_i2c_driver.c:380:6:I2C_IRQEnableConfig	16	static
../drivers/Src/stm32f446xx_i2c_driver.c:421:6:I2C_IRQPriorityConfig	24	static
../drivers/Src/stm32f446xx_i2c_driver.c:432:6:I2C_EV_IRQHandling	24	static
../drivers/Src/stm32f446xx_i2c_driver.c:485:6:I2C_ER_IRQHandling	24	static
../drivers/Src/stm32f446xx_i2c_driver.c:529:13:I2C_SB_EVHandler	16	static
../drivers/Src/stm32f446xx_i2c_driver.c:538:13:I2C_ADDR_EVHandler	16	static
../drivers/Src/stm32f446xx_i2c_driver.c:543:13:I2C_BTF_EVHandler	16	static
../drivers/Src/stm32f446xx_i2c_driver.c:567:13:I2C_STOPF_EVHandler	16	static
../drivers/Src/stm32f446xx_i2c_driver.c:574:13:I2C_RXNE_EVHandler	16	static
../drivers/Src/stm32f446xx_i2c_driver.c:618:13:I2C_TXE_EVHandler	16	static
../drivers/Src/stm32f446xx_i2c_driver.c:648:13:I2C_BUS_ERRHandler	16	static
../drivers/Src/stm32f446xx_i2c_driver.c:656:13:I2C_ARLO_ERRHandler	16	static
../drivers/Src/stm32f446xx_i2c_driver.c:664:13:I2C_ACK_ERRHandler	16	static
../drivers/Src/stm32f446xx_i2c_driver.c:672:13:I2C_OVR_ERRHandler	16	static
../drivers/Src/stm32f446xx_i2c_driver.c:680:13:I2C_TMEOUT_ERRHandler	16	static
../drivers/Src/stm32f446xx_i2c_driver.c:691:9:I2C_GetFlagStatus	16	static
../drivers/Src/stm32f446xx_i2c_driver.c:700:6:I2C_PeripheralConfig	16	static
../drivers/Src/stm32f446xx_i2c_driver.c:710:6:I2C_Slave_EnORDiCallback	16	static
../drivers/Src/stm32f446xx_i2c_driver.c:727:6:I2C_ResetHandler_TX	16	static
../drivers/Src/stm32f446xx_i2c_driver.c:741:6:I2C_ResetHandler_RX	16	static
