Archive member included to satisfy reference by file (symbol)

c:/st/stm32cubeide_1.11.2/stm32cubeide/plugins/com.st.stm32cube.ide.mcu.externaltools.gnu-tools-for-stm32.10.3-2021.10.win32_1.0.100.202210260954/tools/bin/../lib/gcc/arm-none-eabi/10.3.1/../../../../arm-none-eabi/lib/thumb/v7e-m+fp/hard\libc_nano.a(lib_a-exit.o)
                              c:/st/stm32cubeide_1.11.2/stm32cubeide/plugins/com.st.stm32cube.ide.mcu.externaltools.gnu-tools-for-stm32.10.3-2021.10.win32_1.0.100.202210260954/tools/bin/../lib/gcc/arm-none-eabi/10.3.1/../../../../arm-none-eabi/lib/thumb/v7e-m+fp/hard/crt0.o (exit)
c:/st/stm32cubeide_1.11.2/stm32cubeide/plugins/com.st.stm32cube.ide.mcu.externaltools.gnu-tools-for-stm32.10.3-2021.10.win32_1.0.100.202210260954/tools/bin/../lib/gcc/arm-none-eabi/10.3.1/../../../../arm-none-eabi/lib/thumb/v7e-m+fp/hard\libc_nano.a(lib_a-impure.o)
                              c:/st/stm32cubeide_1.11.2/stm32cubeide/plugins/com.st.stm32cube.ide.mcu.externaltools.gnu-tools-for-stm32.10.3-2021.10.win32_1.0.100.202210260954/tools/bin/../lib/gcc/arm-none-eabi/10.3.1/../../../../arm-none-eabi/lib/thumb/v7e-m+fp/hard\libc_nano.a(lib_a-exit.o) (_global_impure_ptr)
c:/st/stm32cubeide_1.11.2/stm32cubeide/plugins/com.st.stm32cube.ide.mcu.externaltools.gnu-tools-for-stm32.10.3-2021.10.win32_1.0.100.202210260954/tools/bin/../lib/gcc/arm-none-eabi/10.3.1/../../../../arm-none-eabi/lib/thumb/v7e-m+fp/hard\libc_nano.a(lib_a-init.o)
                              c:/st/stm32cubeide_1.11.2/stm32cubeide/plugins/com.st.stm32cube.ide.mcu.externaltools.gnu-tools-for-stm32.10.3-2021.10.win32_1.0.100.202210260954/tools/bin/../lib/gcc/arm-none-eabi/10.3.1/../../../../arm-none-eabi/lib/thumb/v7e-m+fp/hard/crt0.o (__libc_init_array)
c:/st/stm32cubeide_1.11.2/stm32cubeide/plugins/com.st.stm32cube.ide.mcu.externaltools.gnu-tools-for-stm32.10.3-2021.10.win32_1.0.100.202210260954/tools/bin/../lib/gcc/arm-none-eabi/10.3.1/../../../../arm-none-eabi/lib/thumb/v7e-m+fp/hard\libc_nano.a(lib_a-memset.o)
                              c:/st/stm32cubeide_1.11.2/stm32cubeide/plugins/com.st.stm32cube.ide.mcu.externaltools.gnu-tools-for-stm32.10.3-2021.10.win32_1.0.100.202210260954/tools/bin/../lib/gcc/arm-none-eabi/10.3.1/../../../../arm-none-eabi/lib/thumb/v7e-m+fp/hard/crt0.o (memset)
c:/st/stm32cubeide_1.11.2/stm32cubeide/plugins/com.st.stm32cube.ide.mcu.externaltools.gnu-tools-for-stm32.10.3-2021.10.win32_1.0.100.202210260954/tools/bin/../lib/gcc/arm-none-eabi/10.3.1/../../../../arm-none-eabi/lib/thumb/v7e-m+fp/hard\libc_nano.a(lib_a-strlen.o)
                              ./Src/usart_send.o (strlen)
c:/st/stm32cubeide_1.11.2/stm32cubeide/plugins/com.st.stm32cube.ide.mcu.externaltools.gnu-tools-for-stm32.10.3-2021.10.win32_1.0.100.202210260954/tools/bin/../lib/gcc/arm-none-eabi/10.3.1/../../../../arm-none-eabi/lib/thumb/v7e-m+fp/hard\libnosys.a(_exit.o)
                              c:/st/stm32cubeide_1.11.2/stm32cubeide/plugins/com.st.stm32cube.ide.mcu.externaltools.gnu-tools-for-stm32.10.3-2021.10.win32_1.0.100.202210260954/tools/bin/../lib/gcc/arm-none-eabi/10.3.1/../../../../arm-none-eabi/lib/thumb/v7e-m+fp/hard\libc_nano.a(lib_a-exit.o) (_exit)

Discarded input sections

 .text          0x0000000000000000        0x0 c:/st/stm32cubeide_1.11.2/stm32cubeide/plugins/com.st.stm32cube.ide.mcu.externaltools.gnu-tools-for-stm32.10.3-2021.10.win32_1.0.100.202210260954/tools/bin/../lib/gcc/arm-none-eabi/10.3.1/thumb/v7e-m+fp/hard/crti.o
 .data          0x0000000000000000        0x0 c:/st/stm32cubeide_1.11.2/stm32cubeide/plugins/com.st.stm32cube.ide.mcu.externaltools.gnu-tools-for-stm32.10.3-2021.10.win32_1.0.100.202210260954/tools/bin/../lib/gcc/arm-none-eabi/10.3.1/thumb/v7e-m+fp/hard/crti.o
 .bss           0x0000000000000000        0x0 c:/st/stm32cubeide_1.11.2/stm32cubeide/plugins/com.st.stm32cube.ide.mcu.externaltools.gnu-tools-for-stm32.10.3-2021.10.win32_1.0.100.202210260954/tools/bin/../lib/gcc/arm-none-eabi/10.3.1/thumb/v7e-m+fp/hard/crti.o
 .data          0x0000000000000000        0x4 c:/st/stm32cubeide_1.11.2/stm32cubeide/plugins/com.st.stm32cube.ide.mcu.externaltools.gnu-tools-for-stm32.10.3-2021.10.win32_1.0.100.202210260954/tools/bin/../lib/gcc/arm-none-eabi/10.3.1/thumb/v7e-m+fp/hard/crtbegin.o
 .rodata        0x0000000000000000       0x24 c:/st/stm32cubeide_1.11.2/stm32cubeide/plugins/com.st.stm32cube.ide.mcu.externaltools.gnu-tools-for-stm32.10.3-2021.10.win32_1.0.100.202210260954/tools/bin/../lib/gcc/arm-none-eabi/10.3.1/thumb/v7e-m+fp/hard/crtbegin.o
 .text          0x0000000000000000       0x7c c:/st/stm32cubeide_1.11.2/stm32cubeide/plugins/com.st.stm32cube.ide.mcu.externaltools.gnu-tools-for-stm32.10.3-2021.10.win32_1.0.100.202210260954/tools/bin/../lib/gcc/arm-none-eabi/10.3.1/../../../../arm-none-eabi/lib/thumb/v7e-m+fp/hard/crt0.o
 .data          0x0000000000000000        0x0 c:/st/stm32cubeide_1.11.2/stm32cubeide/plugins/com.st.stm32cube.ide.mcu.externaltools.gnu-tools-for-stm32.10.3-2021.10.win32_1.0.100.202210260954/tools/bin/../lib/gcc/arm-none-eabi/10.3.1/../../../../arm-none-eabi/lib/thumb/v7e-m+fp/hard/crt0.o
 .bss           0x0000000000000000        0x0 c:/st/stm32cubeide_1.11.2/stm32cubeide/plugins/com.st.stm32cube.ide.mcu.externaltools.gnu-tools-for-stm32.10.3-2021.10.win32_1.0.100.202210260954/tools/bin/../lib/gcc/arm-none-eabi/10.3.1/../../../../arm-none-eabi/lib/thumb/v7e-m+fp/hard/crt0.o
 .ARM.extab     0x0000000000000000        0x0 c:/st/stm32cubeide_1.11.2/stm32cubeide/plugins/com.st.stm32cube.ide.mcu.externaltools.gnu-tools-for-stm32.10.3-2021.10.win32_1.0.100.202210260954/tools/bin/../lib/gcc/arm-none-eabi/10.3.1/../../../../arm-none-eabi/lib/thumb/v7e-m+fp/hard/crt0.o
 .ARM.exidx     0x0000000000000000       0x10 c:/st/stm32cubeide_1.11.2/stm32cubeide/plugins/com.st.stm32cube.ide.mcu.externaltools.gnu-tools-for-stm32.10.3-2021.10.win32_1.0.100.202210260954/tools/bin/../lib/gcc/arm-none-eabi/10.3.1/../../../../arm-none-eabi/lib/thumb/v7e-m+fp/hard/crt0.o
 .ARM.attributes
                0x0000000000000000       0x1c c:/st/stm32cubeide_1.11.2/stm32cubeide/plugins/com.st.stm32cube.ide.mcu.externaltools.gnu-tools-for-stm32.10.3-2021.10.win32_1.0.100.202210260954/tools/bin/../lib/gcc/arm-none-eabi/10.3.1/../../../../arm-none-eabi/lib/thumb/v7e-m+fp/hard/crt0.o
 .group         0x0000000000000000        0xc ./Src/usart_send.o
 .group         0x0000000000000000        0xc ./Src/usart_send.o
 .group         0x0000000000000000        0xc ./Src/usart_send.o
 .group         0x0000000000000000        0xc ./Src/usart_send.o
 .group         0x0000000000000000        0xc ./Src/usart_send.o
 .group         0x0000000000000000        0xc ./Src/usart_send.o
 .group         0x0000000000000000        0xc ./Src/usart_send.o
 .group         0x0000000000000000        0xc ./Src/usart_send.o
 .group         0x0000000000000000        0xc ./Src/usart_send.o
 .group         0x0000000000000000        0xc ./Src/usart_send.o
 .group         0x0000000000000000        0xc ./Src/usart_send.o
 .group         0x0000000000000000        0xc ./Src/usart_send.o
 .group         0x0000000000000000        0xc ./Src/usart_send.o
 .group         0x0000000000000000        0xc ./Src/usart_send.o
 .group         0x0000000000000000        0xc ./Src/usart_send.o
 .group         0x0000000000000000        0xc ./Src/usart_send.o
 .group         0x0000000000000000        0xc ./Src/usart_send.o
 .group         0x0000000000000000        0xc ./Src/usart_send.o
 .group         0x0000000000000000        0xc ./Src/usart_send.o
 .group         0x0000000000000000        0xc ./Src/usart_send.o
 .group         0x0000000000000000        0xc ./Src/usart_send.o
 .group         0x0000000000000000        0xc ./Src/usart_send.o
 .group         0x0000000000000000        0xc ./Src/usart_send.o
 .group         0x0000000000000000        0xc ./Src/usart_send.o
 .group         0x0000000000000000        0xc ./Src/usart_send.o
 .group         0x0000000000000000        0xc ./Src/usart_send.o
 .group         0x0000000000000000        0xc ./Src/usart_send.o
 .group         0x0000000000000000        0xc ./Src/usart_send.o
 .group         0x0000000000000000        0xc ./Src/usart_send.o
 .group         0x0000000000000000        0xc ./Src/usart_send.o
 .group         0x0000000000000000        0xc ./Src/usart_send.o
 .group         0x0000000000000000        0xc ./Src/usart_send.o
 .group         0x0000000000000000        0xc ./Src/usart_send.o
 .group         0x0000000000000000        0xc ./Src/usart_send.o
 .group         0x0000000000000000        0xc ./Src/usart_send.o
 .group         0x0000000000000000        0xc ./Src/usart_send.o
 .group         0x0000000000000000        0xc ./Src/usart_send.o
 .group         0x0000000000000000        0xc ./Src/usart_send.o
 .group         0x0000000000000000        0xc ./Src/usart_send.o
 .group         0x0000000000000000        0xc ./Src/usart_send.o
 .group         0x0000000000000000        0xc ./Src/usart_send.o
 .group         0x0000000000000000        0xc ./Src/usart_send.o
 .text          0x0000000000000000        0x0 ./Src/usart_send.o
 .data          0x0000000000000000        0x0 ./Src/usart_send.o
 .bss           0x0000000000000000        0x0 ./Src/usart_send.o
 .text.GPIO_ButtonInit
                0x0000000000000000       0x30 ./Src/usart_send.o
 .text          0x0000000000000000       0x14 ./Startup/startup_stm32f446retx.o
 .data          0x0000000000000000        0x0 ./Startup/startup_stm32f446retx.o
 .bss           0x0000000000000000        0x0 ./Startup/startup_stm32f446retx.o
 .group         0x0000000000000000        0xc ./drivers/Src/stm32f446xx_gpio_driver.o
 .group         0x0000000000000000        0xc ./drivers/Src/stm32f446xx_gpio_driver.o
 .group         0x0000000000000000        0xc ./drivers/Src/stm32f446xx_gpio_driver.o
 .group         0x0000000000000000        0xc ./drivers/Src/stm32f446xx_gpio_driver.o
 .group         0x0000000000000000        0xc ./drivers/Src/stm32f446xx_gpio_driver.o
 .group         0x0000000000000000        0xc ./drivers/Src/stm32f446xx_gpio_driver.o
 .group         0x0000000000000000        0xc ./drivers/Src/stm32f446xx_gpio_driver.o
 .group         0x0000000000000000        0xc ./drivers/Src/stm32f446xx_gpio_driver.o
 .group         0x0000000000000000        0xc ./drivers/Src/stm32f446xx_gpio_driver.o
 .group         0x0000000000000000        0xc ./drivers/Src/stm32f446xx_gpio_driver.o
 .group         0x0000000000000000        0xc ./drivers/Src/stm32f446xx_gpio_driver.o
 .group         0x0000000000000000        0xc ./drivers/Src/stm32f446xx_gpio_driver.o
 .group         0x0000000000000000        0xc ./drivers/Src/stm32f446xx_gpio_driver.o
 .text          0x0000000000000000        0x0 ./drivers/Src/stm32f446xx_gpio_driver.o
 .data          0x0000000000000000        0x0 ./drivers/Src/stm32f446xx_gpio_driver.o
 .bss           0x0000000000000000        0x0 ./drivers/Src/stm32f446xx_gpio_driver.o
 .text.GPIO_DeInit
                0x0000000000000000      0x148 ./drivers/Src/stm32f446xx_gpio_driver.o
 .text.GPIO_ReadInputPort
                0x0000000000000000       0x1c ./drivers/Src/stm32f446xx_gpio_driver.o
 .text.GPIO_WriteOutputPin
                0x0000000000000000       0x4a ./drivers/Src/stm32f446xx_gpio_driver.o
 .text.GPIO_WriteOutputPort
                0x0000000000000000       0x1e ./drivers/Src/stm32f446xx_gpio_driver.o
 .text.GPIO_ToggleOutputPin
                0x0000000000000000       0x2a ./drivers/Src/stm32f446xx_gpio_driver.o
 .text.GPIO_IRQEnableConfig
                0x0000000000000000      0x10c ./drivers/Src/stm32f446xx_gpio_driver.o
 .text.GPIO_IRQPriorityConfig
                0x0000000000000000       0x54 ./drivers/Src/stm32f446xx_gpio_driver.o
 .text.GPIO_IRQHandling
                0x0000000000000000       0x40 ./drivers/Src/stm32f446xx_gpio_driver.o
 .debug_macro   0x0000000000000000      0xa84 ./drivers/Src/stm32f446xx_gpio_driver.o
 .debug_macro   0x0000000000000000       0x22 ./drivers/Src/stm32f446xx_gpio_driver.o
 .debug_macro   0x0000000000000000       0x8e ./drivers/Src/stm32f446xx_gpio_driver.o
 .debug_macro   0x0000000000000000       0x51 ./drivers/Src/stm32f446xx_gpio_driver.o
 .debug_macro   0x0000000000000000      0x103 ./drivers/Src/stm32f446xx_gpio_driver.o
 .debug_macro   0x0000000000000000       0x6a ./drivers/Src/stm32f446xx_gpio_driver.o
 .debug_macro   0x0000000000000000      0x1df ./drivers/Src/stm32f446xx_gpio_driver.o
 .debug_macro   0x0000000000000000      0x174 ./drivers/Src/stm32f446xx_gpio_driver.o
 .debug_macro   0x0000000000000000      0x863 ./drivers/Src/stm32f446xx_gpio_driver.o
 .debug_macro   0x0000000000000000       0xd0 ./drivers/Src/stm32f446xx_gpio_driver.o
 .debug_macro   0x0000000000000000      0x133 ./drivers/Src/stm32f446xx_gpio_driver.o
 .debug_macro   0x0000000000000000       0xc4 ./drivers/Src/stm32f446xx_gpio_driver.o
 .group         0x0000000000000000        0xc ./drivers/Src/stm32f446xx_i2c_driver.o
 .group         0x0000000000000000        0xc ./drivers/Src/stm32f446xx_i2c_driver.o
 .group         0x0000000000000000        0xc ./drivers/Src/stm32f446xx_i2c_driver.o
 .group         0x0000000000000000        0xc ./drivers/Src/stm32f446xx_i2c_driver.o
 .group         0x0000000000000000        0xc ./drivers/Src/stm32f446xx_i2c_driver.o
 .group         0x0000000000000000        0xc ./drivers/Src/stm32f446xx_i2c_driver.o
 .group         0x0000000000000000        0xc ./drivers/Src/stm32f446xx_i2c_driver.o
 .group         0x0000000000000000        0xc ./drivers/Src/stm32f446xx_i2c_driver.o
 .group         0x0000000000000000        0xc ./drivers/Src/stm32f446xx_i2c_driver.o
 .group         0x0000000000000000        0xc ./drivers/Src/stm32f446xx_i2c_driver.o
 .group         0x0000000000000000        0xc ./drivers/Src/stm32f446xx_i2c_driver.o
 .group         0x0000000000000000        0xc ./drivers/Src/stm32f446xx_i2c_driver.o
 .group         0x0000000000000000        0xc ./drivers/Src/stm32f446xx_i2c_driver.o
 .text          0x0000000000000000        0x0 ./drivers/Src/stm32f446xx_i2c_driver.o
 .data          0x0000000000000000        0x0 ./drivers/Src/stm32f446xx_i2c_driver.o
 .bss           0x0000000000000000        0x0 ./drivers/Src/stm32f446xx_i2c_driver.o
 .text.I2C_GenStartCondition
                0x0000000000000000       0x20 ./drivers/Src/stm32f446xx_i2c_driver.o
 .text.I2C_ExecuteAddrPhase_RW
                0x0000000000000000       0x52 ./drivers/Src/stm32f446xx_i2c_driver.o
 .text.I2C_ClearADDRFlag
                0x0000000000000000       0x6e ./drivers/Src/stm32f446xx_i2c_driver.o
 .text.I2C_GenStopCondition
                0x0000000000000000       0x20 ./drivers/Src/stm32f446xx_i2c_driver.o
 .text.I2C_SetORClr_ACK
                0x0000000000000000       0x3e ./drivers/Src/stm32f446xx_i2c_driver.o
 .text.I2C_ClockCtrl
                0x0000000000000000       0xb8 ./drivers/Src/stm32f446xx_i2c_driver.o
 .text.I2C_Init
                0x0000000000000000      0x170 ./drivers/Src/stm32f446xx_i2c_driver.o
 .text.I2C_DeInit
                0x0000000000000000       0x88 ./drivers/Src/stm32f446xx_i2c_driver.o
 .text.I2C_MasterSendData
                0x0000000000000000       0xc6 ./drivers/Src/stm32f446xx_i2c_driver.o
 .text.I2C_MasterRecvData
                0x0000000000000000      0x114 ./drivers/Src/stm32f446xx_i2c_driver.o
 .text.I2C_MasterSendData_IT
                0x0000000000000000       0x86 ./drivers/Src/stm32f446xx_i2c_driver.o
 .text.I2C_MasterRecvData_IT
                0x0000000000000000       0x8c ./drivers/Src/stm32f446xx_i2c_driver.o
 .text.I2C_SlaveSendData
                0x0000000000000000       0x1e ./drivers/Src/stm32f446xx_i2c_driver.o
 .text.I2C_SlaveRecvData
                0x0000000000000000       0x1a ./drivers/Src/stm32f446xx_i2c_driver.o
 .text.I2C_IRQEnableConfig
                0x0000000000000000      0x10c ./drivers/Src/stm32f446xx_i2c_driver.o
 .text.I2C_IRQPriorityConfig
                0x0000000000000000       0x54 ./drivers/Src/stm32f446xx_i2c_driver.o
 .text.I2C_EV_IRQHandling
                0x0000000000000000       0xf0 ./drivers/Src/stm32f446xx_i2c_driver.o
 .text.I2C_ER_IRQHandling
                0x0000000000000000       0xb2 ./drivers/Src/stm32f446xx_i2c_driver.o
 .text.I2C_SB_EVHandler
                0x0000000000000000       0x42 ./drivers/Src/stm32f446xx_i2c_driver.o
 .text.I2C_ADDR_EVHandler
                0x0000000000000000       0x16 ./drivers/Src/stm32f446xx_i2c_driver.o
 .text.I2C_BTF_EVHandler
                0x0000000000000000       0x50 ./drivers/Src/stm32f446xx_i2c_driver.o
 .text.I2C_STOPF_EVHandler
                0x0000000000000000       0x24 ./drivers/Src/stm32f446xx_i2c_driver.o
 .text.I2C_RXNE_EVHandler
                0x0000000000000000       0xc6 ./drivers/Src/stm32f446xx_i2c_driver.o
 .text.I2C_TXE_EVHandler
                0x0000000000000000       0x66 ./drivers/Src/stm32f446xx_i2c_driver.o
 .text.I2C_BUS_ERRHandler
                0x0000000000000000       0x28 ./drivers/Src/stm32f446xx_i2c_driver.o
 .text.I2C_ARLO_ERRHandler
                0x0000000000000000       0x28 ./drivers/Src/stm32f446xx_i2c_driver.o
 .text.I2C_ACK_ERRHandler
                0x0000000000000000       0x28 ./drivers/Src/stm32f446xx_i2c_driver.o
 .text.I2C_OVR_ERRHandler
                0x0000000000000000       0x28 ./drivers/Src/stm32f446xx_i2c_driver.o
 .text.I2C_TMEOUT_ERRHandler
                0x0000000000000000       0x28 ./drivers/Src/stm32f446xx_i2c_driver.o
 .text.I2C_GetFlagStatus
                0x0000000000000000       0x28 ./drivers/Src/stm32f446xx_i2c_driver.o
 .text.I2C_PeripheralConfig
                0x0000000000000000       0x38 ./drivers/Src/stm32f446xx_i2c_driver.o
 .text.I2C_Slave_EnORDiCallback
                0x0000000000000000       0x68 ./drivers/Src/stm32f446xx_i2c_driver.o
 .text.I2C_ResetHandler_TX
                0x0000000000000000       0x4e ./drivers/Src/stm32f446xx_i2c_driver.o
 .text.I2C_ResetHandler_RX
                0x0000000000000000       0x54 ./drivers/Src/stm32f446xx_i2c_driver.o
 .debug_info    0x0000000000000000      0xc31 ./drivers/Src/stm32f446xx_i2c_driver.o
 .debug_abbrev  0x0000000000000000      0x240 ./drivers/Src/stm32f446xx_i2c_driver.o
 .debug_aranges
                0x0000000000000000      0x128 ./drivers/Src/stm32f446xx_i2c_driver.o
 .debug_ranges  0x0000000000000000      0x118 ./drivers/Src/stm32f446xx_i2c_driver.o
 .debug_macro   0x0000000000000000       0xc6 ./drivers/Src/stm32f446xx_i2c_driver.o
 .debug_macro   0x0000000000000000      0xa84 ./drivers/Src/stm32f446xx_i2c_driver.o
 .debug_macro   0x0000000000000000       0x22 ./drivers/Src/stm32f446xx_i2c_driver.o
 .debug_macro   0x0000000000000000       0x8e ./drivers/Src/stm32f446xx_i2c_driver.o
 .debug_macro   0x0000000000000000       0x51 ./drivers/Src/stm32f446xx_i2c_driver.o
 .debug_macro   0x0000000000000000      0x103 ./drivers/Src/stm32f446xx_i2c_driver.o
 .debug_macro   0x0000000000000000       0x6a ./drivers/Src/stm32f446xx_i2c_driver.o
 .debug_macro   0x0000000000000000      0x1df ./drivers/Src/stm32f446xx_i2c_driver.o
 .debug_macro   0x0000000000000000      0x174 ./drivers/Src/stm32f446xx_i2c_driver.o
 .debug_macro   0x0000000000000000      0x863 ./drivers/Src/stm32f446xx_i2c_driver.o
 .debug_macro   0x0000000000000000       0xc4 ./drivers/Src/stm32f446xx_i2c_driver.o
 .debug_macro   0x0000000000000000       0xc5 ./drivers/Src/stm32f446xx_i2c_driver.o
 .debug_macro   0x0000000000000000      0x133 ./drivers/Src/stm32f446xx_i2c_driver.o
 .debug_macro   0x0000000000000000       0xca ./drivers/Src/stm32f446xx_i2c_driver.o
 .debug_line    0x0000000000000000      0xdf9 ./drivers/Src/stm32f446xx_i2c_driver.o
 .debug_str     0x0000000000000000     0x75d0 ./drivers/Src/stm32f446xx_i2c_driver.o
 .comment       0x0000000000000000       0x51 ./drivers/Src/stm32f446xx_i2c_driver.o
 .debug_frame   0x0000000000000000      0x50c ./drivers/Src/stm32f446xx_i2c_driver.o
 .ARM.attributes
                0x0000000000000000       0x34 ./drivers/Src/stm32f446xx_i2c_driver.o
 .group         0x0000000000000000        0xc ./drivers/Src/stm32f446xx_rcc_driver.o
 .group         0x0000000000000000        0xc ./drivers/Src/stm32f446xx_rcc_driver.o
 .group         0x0000000000000000        0xc ./drivers/Src/stm32f446xx_rcc_driver.o
 .group         0x0000000000000000        0xc ./drivers/Src/stm32f446xx_rcc_driver.o
 .group         0x0000000000000000        0xc ./drivers/Src/stm32f446xx_rcc_driver.o
 .group         0x0000000000000000        0xc ./drivers/Src/stm32f446xx_rcc_driver.o
 .group         0x0000000000000000        0xc ./drivers/Src/stm32f446xx_rcc_driver.o
 .group         0x0000000000000000        0xc ./drivers/Src/stm32f446xx_rcc_driver.o
 .group         0x0000000000000000        0xc ./drivers/Src/stm32f446xx_rcc_driver.o
 .group         0x0000000000000000        0xc ./drivers/Src/stm32f446xx_rcc_driver.o
 .group         0x0000000000000000        0xc ./drivers/Src/stm32f446xx_rcc_driver.o
 .group         0x0000000000000000        0xc ./drivers/Src/stm32f446xx_rcc_driver.o
 .group         0x0000000000000000        0xc ./drivers/Src/stm32f446xx_rcc_driver.o
 .text          0x0000000000000000        0x0 ./drivers/Src/stm32f446xx_rcc_driver.o
 .data          0x0000000000000000        0x0 ./drivers/Src/stm32f446xx_rcc_driver.o
 .bss           0x0000000000000000        0x0 ./drivers/Src/stm32f446xx_rcc_driver.o
 .debug_macro   0x0000000000000000      0xa84 ./drivers/Src/stm32f446xx_rcc_driver.o
 .debug_macro   0x0000000000000000       0x22 ./drivers/Src/stm32f446xx_rcc_driver.o
 .debug_macro   0x0000000000000000       0x8e ./drivers/Src/stm32f446xx_rcc_driver.o
 .debug_macro   0x0000000000000000       0x51 ./drivers/Src/stm32f446xx_rcc_driver.o
 .debug_macro   0x0000000000000000      0x103 ./drivers/Src/stm32f446xx_rcc_driver.o
 .debug_macro   0x0000000000000000       0x6a ./drivers/Src/stm32f446xx_rcc_driver.o
 .debug_macro   0x0000000000000000      0x1df ./drivers/Src/stm32f446xx_rcc_driver.o
 .debug_macro   0x0000000000000000      0x174 ./drivers/Src/stm32f446xx_rcc_driver.o
 .debug_macro   0x0000000000000000      0x863 ./drivers/Src/stm32f446xx_rcc_driver.o
 .debug_macro   0x0000000000000000       0xc4 ./drivers/Src/stm32f446xx_rcc_driver.o
 .debug_macro   0x0000000000000000       0xc5 ./drivers/Src/stm32f446xx_rcc_driver.o
 .debug_macro   0x0000000000000000       0xd0 ./drivers/Src/stm32f446xx_rcc_driver.o
 .debug_macro   0x0000000000000000      0x133 ./drivers/Src/stm32f446xx_rcc_driver.o
 .group         0x0000000000000000        0xc ./drivers/Src/stm32f446xx_spi_driver.o
 .group         0x0000000000000000        0xc ./drivers/Src/stm32f446xx_spi_driver.o
 .group         0x0000000000000000        0xc ./drivers/Src/stm32f446xx_spi_driver.o
 .group         0x0000000000000000        0xc ./drivers/Src/stm32f446xx_spi_driver.o
 .group         0x0000000000000000        0xc ./drivers/Src/stm32f446xx_spi_driver.o
 .group         0x0000000000000000        0xc ./drivers/Src/stm32f446xx_spi_driver.o
 .group         0x0000000000000000        0xc ./drivers/Src/stm32f446xx_spi_driver.o
 .group         0x0000000000000000        0xc ./drivers/Src/stm32f446xx_spi_driver.o
 .group         0x0000000000000000        0xc ./drivers/Src/stm32f446xx_spi_driver.o
 .group         0x0000000000000000        0xc ./drivers/Src/stm32f446xx_spi_driver.o
 .group         0x0000000000000000        0xc ./drivers/Src/stm32f446xx_spi_driver.o
 .group         0x0000000000000000        0xc ./drivers/Src/stm32f446xx_spi_driver.o
 .group         0x0000000000000000        0xc ./drivers/Src/stm32f446xx_spi_driver.o
 .text          0x0000000000000000        0x0 ./drivers/Src/stm32f446xx_spi_driver.o
 .data          0x0000000000000000        0x0 ./drivers/Src/stm32f446xx_spi_driver.o
 .bss           0x0000000000000000        0x0 ./drivers/Src/stm32f446xx_spi_driver.o
 .text.SPI_ClockCtrl
                0x0000000000000000       0xe8 ./drivers/Src/stm32f446xx_spi_driver.o
 .text.SPI_Init
                0x0000000000000000       0xb6 ./drivers/Src/stm32f446xx_spi_driver.o
 .text.SPI_DeInit
                0x0000000000000000       0xb0 ./drivers/Src/stm32f446xx_spi_driver.o
 .text.SPI_SendData
                0x0000000000000000       0x70 ./drivers/Src/stm32f446xx_spi_driver.o
 .text.SPI_ReceiveData
                0x0000000000000000       0x70 ./drivers/Src/stm32f446xx_spi_driver.o
 .text.SPI_SendData_IT
                0x0000000000000000       0x4a ./drivers/Src/stm32f446xx_spi_driver.o
 .text.SPI_ReceiveData_IT
                0x0000000000000000       0x4a ./drivers/Src/stm32f446xx_spi_driver.o
 .text.SPI_IRQEnableConfig
                0x0000000000000000      0x10c ./drivers/Src/stm32f446xx_spi_driver.o
 .text.SPI_IRQPriorityConfig
                0x0000000000000000       0x54 ./drivers/Src/stm32f446xx_spi_driver.o
 .text.SPI_IRQHandling
                0x0000000000000000       0x9a ./drivers/Src/stm32f446xx_spi_driver.o
 .text.SPI_TXE_ITHandler
                0x0000000000000000       0x86 ./drivers/Src/stm32f446xx_spi_driver.o
 .text.SPI_RXNE_ITHandler
                0x0000000000000000       0x86 ./drivers/Src/stm32f446xx_spi_driver.o
 .text.SPI_OVR_ITHandler
                0x0000000000000000       0x26 ./drivers/Src/stm32f446xx_spi_driver.o
 .text.SPI_PeripheralConfig
                0x0000000000000000       0x38 ./drivers/Src/stm32f446xx_spi_driver.o
 .text.SPI_SSIConfig
                0x0000000000000000       0x38 ./drivers/Src/stm32f446xx_spi_driver.o
 .text.SPI_SSOEConfig
                0x0000000000000000       0x38 ./drivers/Src/stm32f446xx_spi_driver.o
 .text.SPI_GetFlagStatus
                0x0000000000000000       0x28 ./drivers/Src/stm32f446xx_spi_driver.o
 .text.SPI_ClearOVRFlag
                0x0000000000000000       0x24 ./drivers/Src/stm32f446xx_spi_driver.o
 .text.SPI_CloseTransmission
                0x0000000000000000       0x36 ./drivers/Src/stm32f446xx_spi_driver.o
 .text.SPI_CloseReception
                0x0000000000000000       0x36 ./drivers/Src/stm32f446xx_spi_driver.o
 .text.SPI_ApplicationEventCB
                0x0000000000000000       0x18 ./drivers/Src/stm32f446xx_spi_driver.o
 .debug_info    0x0000000000000000      0x911 ./drivers/Src/stm32f446xx_spi_driver.o
 .debug_abbrev  0x0000000000000000      0x1b2 ./drivers/Src/stm32f446xx_spi_driver.o
 .debug_aranges
                0x0000000000000000       0xc0 ./drivers/Src/stm32f446xx_spi_driver.o
 .debug_ranges  0x0000000000000000       0xb0 ./drivers/Src/stm32f446xx_spi_driver.o
 .debug_macro   0x0000000000000000       0xc2 ./drivers/Src/stm32f446xx_spi_driver.o
 .debug_macro   0x0000000000000000      0xa84 ./drivers/Src/stm32f446xx_spi_driver.o
 .debug_macro   0x0000000000000000       0x22 ./drivers/Src/stm32f446xx_spi_driver.o
 .debug_macro   0x0000000000000000       0x8e ./drivers/Src/stm32f446xx_spi_driver.o
 .debug_macro   0x0000000000000000       0x51 ./drivers/Src/stm32f446xx_spi_driver.o
 .debug_macro   0x0000000000000000      0x103 ./drivers/Src/stm32f446xx_spi_driver.o
 .debug_macro   0x0000000000000000       0x6a ./drivers/Src/stm32f446xx_spi_driver.o
 .debug_macro   0x0000000000000000      0x1df ./drivers/Src/stm32f446xx_spi_driver.o
 .debug_macro   0x0000000000000000      0x174 ./drivers/Src/stm32f446xx_spi_driver.o
 .debug_macro   0x0000000000000000      0x863 ./drivers/Src/stm32f446xx_spi_driver.o
 .debug_macro   0x0000000000000000       0xc4 ./drivers/Src/stm32f446xx_spi_driver.o
 .debug_macro   0x0000000000000000       0xd0 ./drivers/Src/stm32f446xx_spi_driver.o
 .debug_macro   0x0000000000000000      0x133 ./drivers/Src/stm32f446xx_spi_driver.o
 .debug_macro   0x0000000000000000       0xbf ./drivers/Src/stm32f446xx_spi_driver.o
 .debug_line    0x0000000000000000      0x9cd ./drivers/Src/stm32f446xx_spi_driver.o
 .debug_str     0x0000000000000000     0x7473 ./drivers/Src/stm32f446xx_spi_driver.o
 .comment       0x0000000000000000       0x51 ./drivers/Src/stm32f446xx_spi_driver.o
 .debug_frame   0x0000000000000000      0x344 ./drivers/Src/stm32f446xx_spi_driver.o
 .ARM.attributes
                0x0000000000000000       0x34 ./drivers/Src/stm32f446xx_spi_driver.o
 .group         0x0000000000000000        0xc ./drivers/Src/stm32f446xx_usart_driver.o
 .group         0x0000000000000000        0xc ./drivers/Src/stm32f446xx_usart_driver.o
 .group         0x0000000000000000        0xc ./drivers/Src/stm32f446xx_usart_driver.o
 .group         0x0000000000000000        0xc ./drivers/Src/stm32f446xx_usart_driver.o
 .group         0x0000000000000000        0xc ./drivers/Src/stm32f446xx_usart_driver.o
 .group         0x0000000000000000        0xc ./drivers/Src/stm32f446xx_usart_driver.o
 .group         0x0000000000000000        0xc ./drivers/Src/stm32f446xx_usart_driver.o
 .group         0x0000000000000000        0xc ./drivers/Src/stm32f446xx_usart_driver.o
 .group         0x0000000000000000        0xc ./drivers/Src/stm32f446xx_usart_driver.o
 .group         0x0000000000000000        0xc ./drivers/Src/stm32f446xx_usart_driver.o
 .group         0x0000000000000000        0xc ./drivers/Src/stm32f446xx_usart_driver.o
 .group         0x0000000000000000        0xc ./drivers/Src/stm32f446xx_usart_driver.o
 .group         0x0000000000000000        0xc ./drivers/Src/stm32f446xx_usart_driver.o
 .text          0x0000000000000000        0x0 ./drivers/Src/stm32f446xx_usart_driver.o
 .data          0x0000000000000000        0x0 ./drivers/Src/stm32f446xx_usart_driver.o
 .bss           0x0000000000000000        0x0 ./drivers/Src/stm32f446xx_usart_driver.o
 .text.USART_DeInit
                0x0000000000000000       0xfc ./drivers/Src/stm32f446xx_usart_driver.o
 .text.USART_ReceiveData
                0x0000000000000000       0xb0 ./drivers/Src/stm32f446xx_usart_driver.o
 .text.USART_SendData_IT
                0x0000000000000000       0x5a ./drivers/Src/stm32f446xx_usart_driver.o
 .text.USART_ReceiveData_IT
                0x0000000000000000       0x4a ./drivers/Src/stm32f446xx_usart_driver.o
 .text.USART_IRQEnableConfig
                0x0000000000000000      0x10c ./drivers/Src/stm32f446xx_usart_driver.o
 .text.USART_IRQPriorityConfig
                0x0000000000000000       0x54 ./drivers/Src/stm32f446xx_usart_driver.o
 .text.USART_IRQHandling
                0x0000000000000000      0x3a8 ./drivers/Src/stm32f446xx_usart_driver.o
 .text.USART_ClearFlag
                0x0000000000000000       0x24 ./drivers/Src/stm32f446xx_usart_driver.o
 .text.USART_ApplicationEventCB
                0x0000000000000000       0x18 ./drivers/Src/stm32f446xx_usart_driver.o
 .debug_macro   0x0000000000000000      0xa84 ./drivers/Src/stm32f446xx_usart_driver.o
 .debug_macro   0x0000000000000000       0x22 ./drivers/Src/stm32f446xx_usart_driver.o
 .debug_macro   0x0000000000000000       0x8e ./drivers/Src/stm32f446xx_usart_driver.o
 .debug_macro   0x0000000000000000       0x51 ./drivers/Src/stm32f446xx_usart_driver.o
 .debug_macro   0x0000000000000000      0x103 ./drivers/Src/stm32f446xx_usart_driver.o
 .debug_macro   0x0000000000000000       0x6a ./drivers/Src/stm32f446xx_usart_driver.o
 .debug_macro   0x0000000000000000      0x1df ./drivers/Src/stm32f446xx_usart_driver.o
 .debug_macro   0x0000000000000000      0x174 ./drivers/Src/stm32f446xx_usart_driver.o
 .debug_macro   0x0000000000000000      0x863 ./drivers/Src/stm32f446xx_usart_driver.o
 .debug_macro   0x0000000000000000       0xc4 ./drivers/Src/stm32f446xx_usart_driver.o
 .debug_macro   0x0000000000000000       0xc5 ./drivers/Src/stm32f446xx_usart_driver.o
 .debug_macro   0x0000000000000000       0xd0 ./drivers/Src/stm32f446xx_usart_driver.o
 .text          0x0000000000000000        0x0 c:/st/stm32cubeide_1.11.2/stm32cubeide/plugins/com.st.stm32cube.ide.mcu.externaltools.gnu-tools-for-stm32.10.3-2021.10.win32_1.0.100.202210260954/tools/bin/../lib/gcc/arm-none-eabi/10.3.1/../../../../arm-none-eabi/lib/thumb/v7e-m+fp/hard\libc_nano.a(lib_a-exit.o)
 .data          0x0000000000000000        0x0 c:/st/stm32cubeide_1.11.2/stm32cubeide/plugins/com.st.stm32cube.ide.mcu.externaltools.gnu-tools-for-stm32.10.3-2021.10.win32_1.0.100.202210260954/tools/bin/../lib/gcc/arm-none-eabi/10.3.1/../../../../arm-none-eabi/lib/thumb/v7e-m+fp/hard\libc_nano.a(lib_a-exit.o)
 .bss           0x0000000000000000        0x0 c:/st/stm32cubeide_1.11.2/stm32cubeide/plugins/com.st.stm32cube.ide.mcu.externaltools.gnu-tools-for-stm32.10.3-2021.10.win32_1.0.100.202210260954/tools/bin/../lib/gcc/arm-none-eabi/10.3.1/../../../../arm-none-eabi/lib/thumb/v7e-m+fp/hard\libc_nano.a(lib_a-exit.o)
 .text.exit     0x0000000000000000       0x28 c:/st/stm32cubeide_1.11.2/stm32cubeide/plugins/com.st.stm32cube.ide.mcu.externaltools.gnu-tools-for-stm32.10.3-2021.10.win32_1.0.100.202210260954/tools/bin/../lib/gcc/arm-none-eabi/10.3.1/../../../../arm-none-eabi/lib/thumb/v7e-m+fp/hard\libc_nano.a(lib_a-exit.o)
 .debug_frame   0x0000000000000000       0x28 c:/st/stm32cubeide_1.11.2/stm32cubeide/plugins/com.st.stm32cube.ide.mcu.externaltools.gnu-tools-for-stm32.10.3-2021.10.win32_1.0.100.202210260954/tools/bin/../lib/gcc/arm-none-eabi/10.3.1/../../../../arm-none-eabi/lib/thumb/v7e-m+fp/hard\libc_nano.a(lib_a-exit.o)
 .ARM.attributes
                0x0000000000000000       0x34 c:/st/stm32cubeide_1.11.2/stm32cubeide/plugins/com.st.stm32cube.ide.mcu.externaltools.gnu-tools-for-stm32.10.3-2021.10.win32_1.0.100.202210260954/tools/bin/../lib/gcc/arm-none-eabi/10.3.1/../../../../arm-none-eabi/lib/thumb/v7e-m+fp/hard\libc_nano.a(lib_a-exit.o)
 .text          0x0000000000000000        0x0 c:/st/stm32cubeide_1.11.2/stm32cubeide/plugins/com.st.stm32cube.ide.mcu.externaltools.gnu-tools-for-stm32.10.3-2021.10.win32_1.0.100.202210260954/tools/bin/../lib/gcc/arm-none-eabi/10.3.1/../../../../arm-none-eabi/lib/thumb/v7e-m+fp/hard\libc_nano.a(lib_a-impure.o)
 .data          0x0000000000000000        0x0 c:/st/stm32cubeide_1.11.2/stm32cubeide/plugins/com.st.stm32cube.ide.mcu.externaltools.gnu-tools-for-stm32.10.3-2021.10.win32_1.0.100.202210260954/tools/bin/../lib/gcc/arm-none-eabi/10.3.1/../../../../arm-none-eabi/lib/thumb/v7e-m+fp/hard\libc_nano.a(lib_a-impure.o)
 .bss           0x0000000000000000        0x0 c:/st/stm32cubeide_1.11.2/stm32cubeide/plugins/com.st.stm32cube.ide.mcu.externaltools.gnu-tools-for-stm32.10.3-2021.10.win32_1.0.100.202210260954/tools/bin/../lib/gcc/arm-none-eabi/10.3.1/../../../../arm-none-eabi/lib/thumb/v7e-m+fp/hard\libc_nano.a(lib_a-impure.o)
 .data._impure_ptr
                0x0000000000000000        0x4 c:/st/stm32cubeide_1.11.2/stm32cubeide/plugins/com.st.stm32cube.ide.mcu.externaltools.gnu-tools-for-stm32.10.3-2021.10.win32_1.0.100.202210260954/tools/bin/../lib/gcc/arm-none-eabi/10.3.1/../../../../arm-none-eabi/lib/thumb/v7e-m+fp/hard\libc_nano.a(lib_a-impure.o)
 .data.impure_data
                0x0000000000000000       0x60 c:/st/stm32cubeide_1.11.2/stm32cubeide/plugins/com.st.stm32cube.ide.mcu.externaltools.gnu-tools-for-stm32.10.3-2021.10.win32_1.0.100.202210260954/tools/bin/../lib/gcc/arm-none-eabi/10.3.1/../../../../arm-none-eabi/lib/thumb/v7e-m+fp/hard\libc_nano.a(lib_a-impure.o)
 .rodata._global_impure_ptr
                0x0000000000000000        0x4 c:/st/stm32cubeide_1.11.2/stm32cubeide/plugins/com.st.stm32cube.ide.mcu.externaltools.gnu-tools-for-stm32.10.3-2021.10.win32_1.0.100.202210260954/tools/bin/../lib/gcc/arm-none-eabi/10.3.1/../../../../arm-none-eabi/lib/thumb/v7e-m+fp/hard\libc_nano.a(lib_a-impure.o)
 .ARM.attributes
                0x0000000000000000       0x34 c:/st/stm32cubeide_1.11.2/stm32cubeide/plugins/com.st.stm32cube.ide.mcu.externaltools.gnu-tools-for-stm32.10.3-2021.10.win32_1.0.100.202210260954/tools/bin/../lib/gcc/arm-none-eabi/10.3.1/../../../../arm-none-eabi/lib/thumb/v7e-m+fp/hard\libc_nano.a(lib_a-impure.o)
 .text          0x0000000000000000        0x0 c:/st/stm32cubeide_1.11.2/stm32cubeide/plugins/com.st.stm32cube.ide.mcu.externaltools.gnu-tools-for-stm32.10.3-2021.10.win32_1.0.100.202210260954/tools/bin/../lib/gcc/arm-none-eabi/10.3.1/../../../../arm-none-eabi/lib/thumb/v7e-m+fp/hard\libc_nano.a(lib_a-init.o)
 .data          0x0000000000000000        0x0 c:/st/stm32cubeide_1.11.2/stm32cubeide/plugins/com.st.stm32cube.ide.mcu.externaltools.gnu-tools-for-stm32.10.3-2021.10.win32_1.0.100.202210260954/tools/bin/../lib/gcc/arm-none-eabi/10.3.1/../../../../arm-none-eabi/lib/thumb/v7e-m+fp/hard\libc_nano.a(lib_a-init.o)
 .bss           0x0000000000000000        0x0 c:/st/stm32cubeide_1.11.2/stm32cubeide/plugins/com.st.stm32cube.ide.mcu.externaltools.gnu-tools-for-stm32.10.3-2021.10.win32_1.0.100.202210260954/tools/bin/../lib/gcc/arm-none-eabi/10.3.1/../../../../arm-none-eabi/lib/thumb/v7e-m+fp/hard\libc_nano.a(lib_a-init.o)
 .text          0x0000000000000000        0x0 c:/st/stm32cubeide_1.11.2/stm32cubeide/plugins/com.st.stm32cube.ide.mcu.externaltools.gnu-tools-for-stm32.10.3-2021.10.win32_1.0.100.202210260954/tools/bin/../lib/gcc/arm-none-eabi/10.3.1/../../../../arm-none-eabi/lib/thumb/v7e-m+fp/hard\libc_nano.a(lib_a-memset.o)
 .data          0x0000000000000000        0x0 c:/st/stm32cubeide_1.11.2/stm32cubeide/plugins/com.st.stm32cube.ide.mcu.externaltools.gnu-tools-for-stm32.10.3-2021.10.win32_1.0.100.202210260954/tools/bin/../lib/gcc/arm-none-eabi/10.3.1/../../../../arm-none-eabi/lib/thumb/v7e-m+fp/hard\libc_nano.a(lib_a-memset.o)
 .bss           0x0000000000000000        0x0 c:/st/stm32cubeide_1.11.2/stm32cubeide/plugins/com.st.stm32cube.ide.mcu.externaltools.gnu-tools-for-stm32.10.3-2021.10.win32_1.0.100.202210260954/tools/bin/../lib/gcc/arm-none-eabi/10.3.1/../../../../arm-none-eabi/lib/thumb/v7e-m+fp/hard\libc_nano.a(lib_a-memset.o)
 .text.memset   0x0000000000000000       0x10 c:/st/stm32cubeide_1.11.2/stm32cubeide/plugins/com.st.stm32cube.ide.mcu.externaltools.gnu-tools-for-stm32.10.3-2021.10.win32_1.0.100.202210260954/tools/bin/../lib/gcc/arm-none-eabi/10.3.1/../../../../arm-none-eabi/lib/thumb/v7e-m+fp/hard\libc_nano.a(lib_a-memset.o)
 .debug_frame   0x0000000000000000       0x20 c:/st/stm32cubeide_1.11.2/stm32cubeide/plugins/com.st.stm32cube.ide.mcu.externaltools.gnu-tools-for-stm32.10.3-2021.10.win32_1.0.100.202210260954/tools/bin/../lib/gcc/arm-none-eabi/10.3.1/../../../../arm-none-eabi/lib/thumb/v7e-m+fp/hard\libc_nano.a(lib_a-memset.o)
 .ARM.attributes
                0x0000000000000000       0x34 c:/st/stm32cubeide_1.11.2/stm32cubeide/plugins/com.st.stm32cube.ide.mcu.externaltools.gnu-tools-for-stm32.10.3-2021.10.win32_1.0.100.202210260954/tools/bin/../lib/gcc/arm-none-eabi/10.3.1/../../../../arm-none-eabi/lib/thumb/v7e-m+fp/hard\libc_nano.a(lib_a-memset.o)
 .data          0x0000000000000000        0x0 c:/st/stm32cubeide_1.11.2/stm32cubeide/plugins/com.st.stm32cube.ide.mcu.externaltools.gnu-tools-for-stm32.10.3-2021.10.win32_1.0.100.202210260954/tools/bin/../lib/gcc/arm-none-eabi/10.3.1/../../../../arm-none-eabi/lib/thumb/v7e-m+fp/hard\libc_nano.a(lib_a-strlen.o)
 .bss           0x0000000000000000        0x0 c:/st/stm32cubeide_1.11.2/stm32cubeide/plugins/com.st.stm32cube.ide.mcu.externaltools.gnu-tools-for-stm32.10.3-2021.10.win32_1.0.100.202210260954/tools/bin/../lib/gcc/arm-none-eabi/10.3.1/../../../../arm-none-eabi/lib/thumb/v7e-m+fp/hard\libc_nano.a(lib_a-strlen.o)
 .text          0x0000000000000000        0x0 c:/st/stm32cubeide_1.11.2/stm32cubeide/plugins/com.st.stm32cube.ide.mcu.externaltools.gnu-tools-for-stm32.10.3-2021.10.win32_1.0.100.202210260954/tools/bin/../lib/gcc/arm-none-eabi/10.3.1/../../../../arm-none-eabi/lib/thumb/v7e-m+fp/hard\libnosys.a(_exit.o)
 .data          0x0000000000000000        0x0 c:/st/stm32cubeide_1.11.2/stm32cubeide/plugins/com.st.stm32cube.ide.mcu.externaltools.gnu-tools-for-stm32.10.3-2021.10.win32_1.0.100.202210260954/tools/bin/../lib/gcc/arm-none-eabi/10.3.1/../../../../arm-none-eabi/lib/thumb/v7e-m+fp/hard\libnosys.a(_exit.o)
 .bss           0x0000000000000000        0x0 c:/st/stm32cubeide_1.11.2/stm32cubeide/plugins/com.st.stm32cube.ide.mcu.externaltools.gnu-tools-for-stm32.10.3-2021.10.win32_1.0.100.202210260954/tools/bin/../lib/gcc/arm-none-eabi/10.3.1/../../../../arm-none-eabi/lib/thumb/v7e-m+fp/hard\libnosys.a(_exit.o)
 .text._exit    0x0000000000000000        0x2 c:/st/stm32cubeide_1.11.2/stm32cubeide/plugins/com.st.stm32cube.ide.mcu.externaltools.gnu-tools-for-stm32.10.3-2021.10.win32_1.0.100.202210260954/tools/bin/../lib/gcc/arm-none-eabi/10.3.1/../../../../arm-none-eabi/lib/thumb/v7e-m+fp/hard\libnosys.a(_exit.o)
 .debug_frame   0x0000000000000000       0x20 c:/st/stm32cubeide_1.11.2/stm32cubeide/plugins/com.st.stm32cube.ide.mcu.externaltools.gnu-tools-for-stm32.10.3-2021.10.win32_1.0.100.202210260954/tools/bin/../lib/gcc/arm-none-eabi/10.3.1/../../../../arm-none-eabi/lib/thumb/v7e-m+fp/hard\libnosys.a(_exit.o)
 .ARM.attributes
                0x0000000000000000       0x34 c:/st/stm32cubeide_1.11.2/stm32cubeide/plugins/com.st.stm32cube.ide.mcu.externaltools.gnu-tools-for-stm32.10.3-2021.10.win32_1.0.100.202210260954/tools/bin/../lib/gcc/arm-none-eabi/10.3.1/../../../../arm-none-eabi/lib/thumb/v7e-m+fp/hard\libnosys.a(_exit.o)
 .text          0x0000000000000000        0x0 c:/st/stm32cubeide_1.11.2/stm32cubeide/plugins/com.st.stm32cube.ide.mcu.externaltools.gnu-tools-for-stm32.10.3-2021.10.win32_1.0.100.202210260954/tools/bin/../lib/gcc/arm-none-eabi/10.3.1/thumb/v7e-m+fp/hard/crtend.o
 .data          0x0000000000000000        0x0 c:/st/stm32cubeide_1.11.2/stm32cubeide/plugins/com.st.stm32cube.ide.mcu.externaltools.gnu-tools-for-stm32.10.3-2021.10.win32_1.0.100.202210260954/tools/bin/../lib/gcc/arm-none-eabi/10.3.1/thumb/v7e-m+fp/hard/crtend.o
 .bss           0x0000000000000000        0x0 c:/st/stm32cubeide_1.11.2/stm32cubeide/plugins/com.st.stm32cube.ide.mcu.externaltools.gnu-tools-for-stm32.10.3-2021.10.win32_1.0.100.202210260954/tools/bin/../lib/gcc/arm-none-eabi/10.3.1/thumb/v7e-m+fp/hard/crtend.o
 .rodata        0x0000000000000000       0x24 c:/st/stm32cubeide_1.11.2/stm32cubeide/plugins/com.st.stm32cube.ide.mcu.externaltools.gnu-tools-for-stm32.10.3-2021.10.win32_1.0.100.202210260954/tools/bin/../lib/gcc/arm-none-eabi/10.3.1/thumb/v7e-m+fp/hard/crtend.o
 .eh_frame      0x0000000000000000        0x4 c:/st/stm32cubeide_1.11.2/stm32cubeide/plugins/com.st.stm32cube.ide.mcu.externaltools.gnu-tools-for-stm32.10.3-2021.10.win32_1.0.100.202210260954/tools/bin/../lib/gcc/arm-none-eabi/10.3.1/thumb/v7e-m+fp/hard/crtend.o
 .ARM.attributes
                0x0000000000000000       0x34 c:/st/stm32cubeide_1.11.2/stm32cubeide/plugins/com.st.stm32cube.ide.mcu.externaltools.gnu-tools-for-stm32.10.3-2021.10.win32_1.0.100.202210260954/tools/bin/../lib/gcc/arm-none-eabi/10.3.1/thumb/v7e-m+fp/hard/crtend.o
 .text          0x0000000000000000        0x0 c:/st/stm32cubeide_1.11.2/stm32cubeide/plugins/com.st.stm32cube.ide.mcu.externaltools.gnu-tools-for-stm32.10.3-2021.10.win32_1.0.100.202210260954/tools/bin/../lib/gcc/arm-none-eabi/10.3.1/thumb/v7e-m+fp/hard/crtn.o
 .data          0x0000000000000000        0x0 c:/st/stm32cubeide_1.11.2/stm32cubeide/plugins/com.st.stm32cube.ide.mcu.externaltools.gnu-tools-for-stm32.10.3-2021.10.win32_1.0.100.202210260954/tools/bin/../lib/gcc/arm-none-eabi/10.3.1/thumb/v7e-m+fp/hard/crtn.o
 .bss           0x0000000000000000        0x0 c:/st/stm32cubeide_1.11.2/stm32cubeide/plugins/com.st.stm32cube.ide.mcu.externaltools.gnu-tools-for-stm32.10.3-2021.10.win32_1.0.100.202210260954/tools/bin/../lib/gcc/arm-none-eabi/10.3.1/thumb/v7e-m+fp/hard/crtn.o

Memory Configuration

Name             Origin             Length             Attributes
RAM              0x0000000020000000 0x0000000000020000 xrw
FLASH            0x0000000008000000 0x0000000000080000 xr
*default*        0x0000000000000000 0xffffffffffffffff

Linker script and memory map

LOAD c:/st/stm32cubeide_1.11.2/stm32cubeide/plugins/com.st.stm32cube.ide.mcu.externaltools.gnu-tools-for-stm32.10.3-2021.10.win32_1.0.100.202210260954/tools/bin/../lib/gcc/arm-none-eabi/10.3.1/thumb/v7e-m+fp/hard/crti.o
LOAD c:/st/stm32cubeide_1.11.2/stm32cubeide/plugins/com.st.stm32cube.ide.mcu.externaltools.gnu-tools-for-stm32.10.3-2021.10.win32_1.0.100.202210260954/tools/bin/../lib/gcc/arm-none-eabi/10.3.1/thumb/v7e-m+fp/hard/crtbegin.o
LOAD c:/st/stm32cubeide_1.11.2/stm32cubeide/plugins/com.st.stm32cube.ide.mcu.externaltools.gnu-tools-for-stm32.10.3-2021.10.win32_1.0.100.202210260954/tools/bin/../lib/gcc/arm-none-eabi/10.3.1/../../../../arm-none-eabi/lib/thumb/v7e-m+fp/hard/crt0.o
LOAD ./Src/usart_send.o
LOAD ./Startup/startup_stm32f446retx.o
LOAD ./drivers/Src/stm32f446xx_gpio_driver.o
LOAD ./drivers/Src/stm32f446xx_i2c_driver.o
LOAD ./drivers/Src/stm32f446xx_rcc_driver.o
LOAD ./drivers/Src/stm32f446xx_spi_driver.o
LOAD ./drivers/Src/stm32f446xx_usart_driver.o
START GROUP
LOAD c:/st/stm32cubeide_1.11.2/stm32cubeide/plugins/com.st.stm32cube.ide.mcu.externaltools.gnu-tools-for-stm32.10.3-2021.10.win32_1.0.100.202210260954/tools/bin/../lib/gcc/arm-none-eabi/10.3.1/../../../../arm-none-eabi/lib/thumb/v7e-m+fp/hard\libc_nano.a
LOAD c:/st/stm32cubeide_1.11.2/stm32cubeide/plugins/com.st.stm32cube.ide.mcu.externaltools.gnu-tools-for-stm32.10.3-2021.10.win32_1.0.100.202210260954/tools/bin/../lib/gcc/arm-none-eabi/10.3.1/../../../../arm-none-eabi/lib/thumb/v7e-m+fp/hard\libm.a
END GROUP
START GROUP
LOAD c:/st/stm32cubeide_1.11.2/stm32cubeide/plugins/com.st.stm32cube.ide.mcu.externaltools.gnu-tools-for-stm32.10.3-2021.10.win32_1.0.100.202210260954/tools/bin/../lib/gcc/arm-none-eabi/10.3.1/thumb/v7e-m+fp/hard\libgcc.a
LOAD c:/st/stm32cubeide_1.11.2/stm32cubeide/plugins/com.st.stm32cube.ide.mcu.externaltools.gnu-tools-for-stm32.10.3-2021.10.win32_1.0.100.202210260954/tools/bin/../lib/gcc/arm-none-eabi/10.3.1/../../../../arm-none-eabi/lib/thumb/v7e-m+fp/hard\libc_nano.a
END GROUP
START GROUP
LOAD c:/st/stm32cubeide_1.11.2/stm32cubeide/plugins/com.st.stm32cube.ide.mcu.externaltools.gnu-tools-for-stm32.10.3-2021.10.win32_1.0.100.202210260954/tools/bin/../lib/gcc/arm-none-eabi/10.3.1/thumb/v7e-m+fp/hard\libgcc.a
LOAD c:/st/stm32cubeide_1.11.2/stm32cubeide/plugins/com.st.stm32cube.ide.mcu.externaltools.gnu-tools-for-stm32.10.3-2021.10.win32_1.0.100.202210260954/tools/bin/../lib/gcc/arm-none-eabi/10.3.1/../../../../arm-none-eabi/lib/thumb/v7e-m+fp/hard\libc_nano.a
LOAD c:/st/stm32cubeide_1.11.2/stm32cubeide/plugins/com.st.stm32cube.ide.mcu.externaltools.gnu-tools-for-stm32.10.3-2021.10.win32_1.0.100.202210260954/tools/bin/../lib/gcc/arm-none-eabi/10.3.1/../../../../arm-none-eabi/lib/thumb/v7e-m+fp/hard\libnosys.a
END GROUP
START GROUP
LOAD c:/st/stm32cubeide_1.11.2/stm32cubeide/plugins/com.st.stm32cube.ide.mcu.externaltools.gnu-tools-for-stm32.10.3-2021.10.win32_1.0.100.202210260954/tools/bin/../lib/gcc/arm-none-eabi/10.3.1/thumb/v7e-m+fp/hard\libgcc.a
LOAD c:/st/stm32cubeide_1.11.2/stm32cubeide/plugins/com.st.stm32cube.ide.mcu.externaltools.gnu-tools-for-stm32.10.3-2021.10.win32_1.0.100.202210260954/tools/bin/../lib/gcc/arm-none-eabi/10.3.1/../../../../arm-none-eabi/lib/thumb/v7e-m+fp/hard\libc_nano.a
LOAD c:/st/stm32cubeide_1.11.2/stm32cubeide/plugins/com.st.stm32cube.ide.mcu.externaltools.gnu-tools-for-stm32.10.3-2021.10.win32_1.0.100.202210260954/tools/bin/../lib/gcc/arm-none-eabi/10.3.1/../../../../arm-none-eabi/lib/thumb/v7e-m+fp/hard\libnosys.a
END GROUP
LOAD c:/st/stm32cubeide_1.11.2/stm32cubeide/plugins/com.st.stm32cube.ide.mcu.externaltools.gnu-tools-for-stm32.10.3-2021.10.win32_1.0.100.202210260954/tools/bin/../lib/gcc/arm-none-eabi/10.3.1/thumb/v7e-m+fp/hard/crtend.o
LOAD c:/st/stm32cubeide_1.11.2/stm32cubeide/plugins/com.st.stm32cube.ide.mcu.externaltools.gnu-tools-for-stm32.10.3-2021.10.win32_1.0.100.202210260954/tools/bin/../lib/gcc/arm-none-eabi/10.3.1/thumb/v7e-m+fp/hard/crtn.o
                0x0000000020020000                _estack = (ORIGIN (RAM) + LENGTH (RAM))
                0x0000000000000200                _Min_Heap_Size = 0x200
                0x0000000000000400                _Min_Stack_Size = 0x400

.isr_vector     0x0000000008000000      0x1c4
                0x0000000008000000                . = ALIGN (0x4)
 *(.isr_vector)
 .isr_vector    0x0000000008000000      0x1c4 ./Startup/startup_stm32f446retx.o
                0x0000000008000000                g_pfnVectors
                0x00000000080001c4                . = ALIGN (0x4)

.text           0x00000000080001c4      0xd6c
                0x00000000080001c4                . = ALIGN (0x4)
 *(.text)
 .text          0x00000000080001c4       0x40 c:/st/stm32cubeide_1.11.2/stm32cubeide/plugins/com.st.stm32cube.ide.mcu.externaltools.gnu-tools-for-stm32.10.3-2021.10.win32_1.0.100.202210260954/tools/bin/../lib/gcc/arm-none-eabi/10.3.1/thumb/v7e-m+fp/hard/crtbegin.o
 .text          0x0000000008000204       0x10 c:/st/stm32cubeide_1.11.2/stm32cubeide/plugins/com.st.stm32cube.ide.mcu.externaltools.gnu-tools-for-stm32.10.3-2021.10.win32_1.0.100.202210260954/tools/bin/../lib/gcc/arm-none-eabi/10.3.1/../../../../arm-none-eabi/lib/thumb/v7e-m+fp/hard\libc_nano.a(lib_a-strlen.o)
                0x0000000008000204                strlen
 *(.text*)
 .text.delay1   0x0000000008000214       0x2c ./Src/usart_send.o
                0x0000000008000214                delay1
 .text.USART_GPIOInit
                0x0000000008000240       0x44 ./Src/usart_send.o
                0x0000000008000240                USART_GPIOInit
 .text.USARTx_Init
                0x0000000008000284       0x44 ./Src/usart_send.o
                0x0000000008000284                USARTx_Init
 .text.main     0x00000000080002c8       0x4c ./Src/usart_send.o
                0x00000000080002c8                main
 .text.Reset_Handler
                0x0000000008000314       0x50 ./Startup/startup_stm32f446retx.o
                0x0000000008000314                Reset_Handler
 .text.Default_Handler
                0x0000000008000364        0x2 ./Startup/startup_stm32f446retx.o
                0x0000000008000364                RTC_Alarm_IRQHandler
                0x0000000008000364                EXTI2_IRQHandler
                0x0000000008000364                TIM8_CC_IRQHandler
                0x0000000008000364                SPDIF_Rx_IRQHandler
                0x0000000008000364                DebugMon_Handler
                0x0000000008000364                SPI4_IRQHandler
                0x0000000008000364                TIM1_CC_IRQHandler
                0x0000000008000364                QuadSPI_IRQHandler
                0x0000000008000364                DMA2_Stream5_IRQHandler
                0x0000000008000364                HardFault_Handler
                0x0000000008000364                DMA1_Stream5_IRQHandler
                0x0000000008000364                SysTick_Handler
                0x0000000008000364                PVD_IRQHandler
                0x0000000008000364                SDIO_IRQHandler
                0x0000000008000364                TAMP_STAMP_IRQHandler
                0x0000000008000364                PendSV_Handler
                0x0000000008000364                NMI_Handler
                0x0000000008000364                CAN2_RX1_IRQHandler
                0x0000000008000364                EXTI3_IRQHandler
                0x0000000008000364                TIM8_TRG_COM_TIM14_IRQHandler
                0x0000000008000364                TIM1_UP_TIM10_IRQHandler
                0x0000000008000364                FMPI2C1_error_IRQHandler
                0x0000000008000364                TIM8_UP_TIM13_IRQHandler
                0x0000000008000364                I2C3_ER_IRQHandler
                0x0000000008000364                EXTI0_IRQHandler
                0x0000000008000364                I2C2_EV_IRQHandler
                0x0000000008000364                DMA1_Stream2_IRQHandler
                0x0000000008000364                CAN1_RX0_IRQHandler
                0x0000000008000364                OTG_HS_WKUP_IRQHandler
                0x0000000008000364                UsageFault_Handler
                0x0000000008000364                CAN2_SCE_IRQHandler
                0x0000000008000364                DMA2_Stream2_IRQHandler
                0x0000000008000364                SPI1_IRQHandler
                0x0000000008000364                TIM6_DAC_IRQHandler
                0x0000000008000364                TIM1_BRK_TIM9_IRQHandler
                0x0000000008000364                DCMI_IRQHandler
                0x0000000008000364                CAN2_RX0_IRQHandler
                0x0000000008000364                DMA2_Stream3_IRQHandler
                0x0000000008000364                FMPI2C1_IRQHandler
                0x0000000008000364                SAI2_IRQHandler
                0x0000000008000364                USART6_IRQHandler
                0x0000000008000364                USART3_IRQHandler
                0x0000000008000364                CAN1_RX1_IRQHandler
                0x0000000008000364                UART5_IRQHandler
                0x0000000008000364                DMA2_Stream0_IRQHandler
                0x0000000008000364                TIM4_IRQHandler
                0x0000000008000364                I2C1_EV_IRQHandler
                0x0000000008000364                HDMI_CEC_IRQHandler
                0x0000000008000364                DMA1_Stream6_IRQHandler
                0x0000000008000364                DMA1_Stream1_IRQHandler
                0x0000000008000364                UART4_IRQHandler
                0x0000000008000364                TIM3_IRQHandler
                0x0000000008000364                RCC_IRQHandler
                0x0000000008000364                TIM8_BRK_TIM12_IRQHandler
                0x0000000008000364                Default_Handler
                0x0000000008000364                EXTI15_10_IRQHandler
                0x0000000008000364                ADC_IRQHandler
                0x0000000008000364                DMA1_Stream7_IRQHandler
                0x0000000008000364                TIM7_IRQHandler
                0x0000000008000364                CAN2_TX_IRQHandler
                0x0000000008000364                TIM5_IRQHandler
                0x0000000008000364                DMA2_Stream7_IRQHandler
                0x0000000008000364                I2C3_EV_IRQHandler
                0x0000000008000364                EXTI9_5_IRQHandler
                0x0000000008000364                RTC_WKUP_IRQHandler
                0x0000000008000364                SPI2_IRQHandler
                0x0000000008000364                OTG_HS_EP1_IN_IRQHandler
                0x0000000008000364                MemManage_Handler
                0x0000000008000364                DMA1_Stream0_IRQHandler
                0x0000000008000364                CAN1_TX_IRQHandler
                0x0000000008000364                SVC_Handler
                0x0000000008000364                EXTI4_IRQHandler
                0x0000000008000364                OTG_HS_EP1_OUT_IRQHandler
                0x0000000008000364                WWDG_IRQHandler
                0x0000000008000364                TIM2_IRQHandler
                0x0000000008000364                OTG_FS_WKUP_IRQHandler
                0x0000000008000364                TIM1_TRG_COM_TIM11_IRQHandler
                0x0000000008000364                OTG_HS_IRQHandler
                0x0000000008000364                EXTI1_IRQHandler
                0x0000000008000364                USART2_IRQHandler
                0x0000000008000364                I2C2_ER_IRQHandler
                0x0000000008000364                DMA2_Stream1_IRQHandler
                0x0000000008000364                CAN1_SCE_IRQHandler
                0x0000000008000364                FLASH_IRQHandler
                0x0000000008000364                DMA2_Stream4_IRQHandler
                0x0000000008000364                BusFault_Handler
                0x0000000008000364                USART1_IRQHandler
                0x0000000008000364                OTG_FS_IRQHandler
                0x0000000008000364                SPI3_IRQHandler
                0x0000000008000364                DMA1_Stream4_IRQHandler
                0x0000000008000364                I2C1_ER_IRQHandler
                0x0000000008000364                FMC_IRQHandler
                0x0000000008000364                DMA2_Stream6_IRQHandler
                0x0000000008000364                SAI1_IRQHandler
                0x0000000008000364                DMA1_Stream3_IRQHandler
 *fill*         0x0000000008000366        0x2 
 .text.GPIO_ClockCtrl
                0x0000000008000368      0x1a8 ./drivers/Src/stm32f446xx_gpio_driver.o
                0x0000000008000368                GPIO_ClockCtrl
 .text.GPIO_Init
                0x0000000008000510      0x364 ./drivers/Src/stm32f446xx_gpio_driver.o
                0x0000000008000510                GPIO_Init
 .text.GPIO_ReadInputPin
                0x0000000008000874       0x2c ./drivers/Src/stm32f446xx_gpio_driver.o
                0x0000000008000874                GPIO_ReadInputPin
 .text.RCC_GetPLLOutputClk
                0x00000000080008a0       0x18 ./drivers/Src/stm32f446xx_rcc_driver.o
                0x00000000080008a0                RCC_GetPLLOutputClk
 .text.RCC_GetPCLK1Val
                0x00000000080008b8       0xf0 ./drivers/Src/stm32f446xx_rcc_driver.o
                0x00000000080008b8                RCC_GetPCLK1Val
 .text.RCC_GetPCLK2Val
                0x00000000080009a8       0xf0 ./drivers/Src/stm32f446xx_rcc_driver.o
                0x00000000080009a8                RCC_GetPCLK2Val
 .text.USART_ClockCtrl
                0x0000000008000a98      0x148 ./drivers/Src/stm32f446xx_usart_driver.o
                0x0000000008000a98                USART_ClockCtrl
 .text.USART_SetBaudRate
                0x0000000008000be0       0xe4 ./drivers/Src/stm32f446xx_usart_driver.o
                0x0000000008000be0                USART_SetBaudRate
 .text.USART_Init
                0x0000000008000cc4      0x10e ./drivers/Src/stm32f446xx_usart_driver.o
                0x0000000008000cc4                USART_Init
 .text.USART_SendData
                0x0000000008000dd2       0x9c ./drivers/Src/stm32f446xx_usart_driver.o
                0x0000000008000dd2                USART_SendData
 .text.USART_GetFlagStatus
                0x0000000008000e6e       0x28 ./drivers/Src/stm32f446xx_usart_driver.o
                0x0000000008000e6e                USART_GetFlagStatus
 .text.USART_PeripheralConfig
                0x0000000008000e96       0x38 ./drivers/Src/stm32f446xx_usart_driver.o
                0x0000000008000e96                USART_PeripheralConfig
 *fill*         0x0000000008000ece        0x2 
 .text.__libc_init_array
                0x0000000008000ed0       0x48 c:/st/stm32cubeide_1.11.2/stm32cubeide/plugins/com.st.stm32cube.ide.mcu.externaltools.gnu-tools-for-stm32.10.3-2021.10.win32_1.0.100.202210260954/tools/bin/../lib/gcc/arm-none-eabi/10.3.1/../../../../arm-none-eabi/lib/thumb/v7e-m+fp/hard\libc_nano.a(lib_a-init.o)
                0x0000000008000ed0                __libc_init_array
 *(.glue_7)
 .glue_7        0x0000000008000f18        0x0 linker stubs
 *(.glue_7t)
 .glue_7t       0x0000000008000f18        0x0 linker stubs
 *(.eh_frame)
 .eh_frame      0x0000000008000f18        0x0 c:/st/stm32cubeide_1.11.2/stm32cubeide/plugins/com.st.stm32cube.ide.mcu.externaltools.gnu-tools-for-stm32.10.3-2021.10.win32_1.0.100.202210260954/tools/bin/../lib/gcc/arm-none-eabi/10.3.1/thumb/v7e-m+fp/hard/crtbegin.o
 *(.init)
 .init          0x0000000008000f18        0x4 c:/st/stm32cubeide_1.11.2/stm32cubeide/plugins/com.st.stm32cube.ide.mcu.externaltools.gnu-tools-for-stm32.10.3-2021.10.win32_1.0.100.202210260954/tools/bin/../lib/gcc/arm-none-eabi/10.3.1/thumb/v7e-m+fp/hard/crti.o
                0x0000000008000f18                _init
 .init          0x0000000008000f1c        0x8 c:/st/stm32cubeide_1.11.2/stm32cubeide/plugins/com.st.stm32cube.ide.mcu.externaltools.gnu-tools-for-stm32.10.3-2021.10.win32_1.0.100.202210260954/tools/bin/../lib/gcc/arm-none-eabi/10.3.1/thumb/v7e-m+fp/hard/crtn.o
 *(.fini)
 .fini          0x0000000008000f24        0x4 c:/st/stm32cubeide_1.11.2/stm32cubeide/plugins/com.st.stm32cube.ide.mcu.externaltools.gnu-tools-for-stm32.10.3-2021.10.win32_1.0.100.202210260954/tools/bin/../lib/gcc/arm-none-eabi/10.3.1/thumb/v7e-m+fp/hard/crti.o
                0x0000000008000f24                _fini
 .fini          0x0000000008000f28        0x8 c:/st/stm32cubeide_1.11.2/stm32cubeide/plugins/com.st.stm32cube.ide.mcu.externaltools.gnu-tools-for-stm32.10.3-2021.10.win32_1.0.100.202210260954/tools/bin/../lib/gcc/arm-none-eabi/10.3.1/thumb/v7e-m+fp/hard/crtn.o
                0x0000000008000f30                . = ALIGN (0x4)
                0x0000000008000f30                _etext = .

.vfp11_veneer   0x0000000008000f30        0x0
 .vfp11_veneer  0x0000000008000f30        0x0 linker stubs

.v4_bx          0x0000000008000f30        0x0
 .v4_bx         0x0000000008000f30        0x0 linker stubs

.iplt           0x0000000008000f30        0x0
 .iplt          0x0000000008000f30        0x0 c:/st/stm32cubeide_1.11.2/stm32cubeide/plugins/com.st.stm32cube.ide.mcu.externaltools.gnu-tools-for-stm32.10.3-2021.10.win32_1.0.100.202210260954/tools/bin/../lib/gcc/arm-none-eabi/10.3.1/thumb/v7e-m+fp/hard/crtbegin.o

.rodata         0x0000000008000f30        0x8
                0x0000000008000f30                . = ALIGN (0x4)
 *(.rodata)
 .rodata        0x0000000008000f30        0x8 ./drivers/Src/stm32f446xx_rcc_driver.o
 *(.rodata*)
                0x0000000008000f38                . = ALIGN (0x4)

.rel.dyn        0x0000000008000f38        0x0
 .rel.iplt      0x0000000008000f38        0x0 c:/st/stm32cubeide_1.11.2/stm32cubeide/plugins/com.st.stm32cube.ide.mcu.externaltools.gnu-tools-for-stm32.10.3-2021.10.win32_1.0.100.202210260954/tools/bin/../lib/gcc/arm-none-eabi/10.3.1/thumb/v7e-m+fp/hard/crtbegin.o

.ARM.extab      0x0000000008000f38        0x0
                0x0000000008000f38                . = ALIGN (0x4)
 *(.ARM.extab* .gnu.linkonce.armextab.*)
                0x0000000008000f38                . = ALIGN (0x4)

.ARM            0x0000000008000f38        0x0
                0x0000000008000f38                . = ALIGN (0x4)
                0x0000000008000f38                __exidx_start = .
 *(.ARM.exidx*)
                0x0000000008000f38                __exidx_end = .
                0x0000000008000f38                . = ALIGN (0x4)

.preinit_array  0x0000000008000f38        0x0
                0x0000000008000f38                . = ALIGN (0x4)
                0x0000000008000f38                PROVIDE (__preinit_array_start = .)
 *(.preinit_array*)
                0x0000000008000f38                PROVIDE (__preinit_array_end = .)
                0x0000000008000f38                . = ALIGN (0x4)

.init_array     0x0000000008000f38        0x4
                0x0000000008000f38                . = ALIGN (0x4)
                0x0000000008000f38                PROVIDE (__init_array_start = .)
 *(SORT_BY_NAME(.init_array.*))
 *(.init_array*)
 .init_array    0x0000000008000f38        0x4 c:/st/stm32cubeide_1.11.2/stm32cubeide/plugins/com.st.stm32cube.ide.mcu.externaltools.gnu-tools-for-stm32.10.3-2021.10.win32_1.0.100.202210260954/tools/bin/../lib/gcc/arm-none-eabi/10.3.1/thumb/v7e-m+fp/hard/crtbegin.o
                0x0000000008000f3c                PROVIDE (__init_array_end = .)
                0x0000000008000f3c                . = ALIGN (0x4)

.fini_array     0x0000000008000f3c        0x4
                0x0000000008000f3c                . = ALIGN (0x4)
                [!provide]                        PROVIDE (__fini_array_start = .)
 *(SORT_BY_NAME(.fini_array.*))
 *(.fini_array*)
 .fini_array    0x0000000008000f3c        0x4 c:/st/stm32cubeide_1.11.2/stm32cubeide/plugins/com.st.stm32cube.ide.mcu.externaltools.gnu-tools-for-stm32.10.3-2021.10.win32_1.0.100.202210260954/tools/bin/../lib/gcc/arm-none-eabi/10.3.1/thumb/v7e-m+fp/hard/crtbegin.o
                [!provide]                        PROVIDE (__fini_array_end = .)
                0x0000000008000f40                . = ALIGN (0x4)
                0x0000000008000f40                _sidata = LOADADDR (.data)

.data           0x0000000020000000       0x20 load address 0x0000000008000f40
                0x0000000020000000                . = ALIGN (0x4)
                0x0000000020000000                _sdata = .
 *(.data)
 *(.data*)
 .data.TXData   0x0000000020000000       0x20 ./Src/usart_send.o
                0x0000000020000000                TXData
 *(.RamFunc)
 *(.RamFunc*)
                0x0000000020000020                . = ALIGN (0x4)
                0x0000000020000020                _edata = .

.igot.plt       0x0000000020000020        0x0 load address 0x0000000008000f60
 .igot.plt      0x0000000020000020        0x0 c:/st/stm32cubeide_1.11.2/stm32cubeide/plugins/com.st.stm32cube.ide.mcu.externaltools.gnu-tools-for-stm32.10.3-2021.10.win32_1.0.100.202210260954/tools/bin/../lib/gcc/arm-none-eabi/10.3.1/thumb/v7e-m+fp/hard/crtbegin.o
                0x0000000020000020                . = ALIGN (0x4)

.bss            0x0000000020000020       0x38 load address 0x0000000008000f60
                0x0000000020000020                _sbss = .
                0x0000000020000020                __bss_start__ = _sbss
 *(.bss)
 .bss           0x0000000020000020       0x1c c:/st/stm32cubeide_1.11.2/stm32cubeide/plugins/com.st.stm32cube.ide.mcu.externaltools.gnu-tools-for-stm32.10.3-2021.10.win32_1.0.100.202210260954/tools/bin/../lib/gcc/arm-none-eabi/10.3.1/thumb/v7e-m+fp/hard/crtbegin.o
 *(.bss*)
 .bss.USARTHandler
                0x000000002000003c       0x1c ./Src/usart_send.o
                0x000000002000003c                USARTHandler
 *(COMMON)
                0x0000000020000058                . = ALIGN (0x4)
                0x0000000020000058                _ebss = .
                0x0000000020000058                __bss_end__ = _ebss

._user_heap_stack
                0x0000000020000058      0x600 load address 0x0000000008000f60
                0x0000000020000058                . = ALIGN (0x8)
                [!provide]                        PROVIDE (end = .)
                [!provide]                        PROVIDE (_end = .)
                0x0000000020000258                . = (. + _Min_Heap_Size)
 *fill*         0x0000000020000058      0x200 
                0x0000000020000658                . = (. + _Min_Stack_Size)
 *fill*         0x0000000020000258      0x400 
                0x0000000020000658                . = ALIGN (0x8)

/DISCARD/
 libc.a(*)
 libm.a(*)
 libgcc.a(*)

.ARM.attributes
                0x0000000000000000       0x30
 *(.ARM.attributes)
 .ARM.attributes
                0x0000000000000000       0x1e c:/st/stm32cubeide_1.11.2/stm32cubeide/plugins/com.st.stm32cube.ide.mcu.externaltools.gnu-tools-for-stm32.10.3-2021.10.win32_1.0.100.202210260954/tools/bin/../lib/gcc/arm-none-eabi/10.3.1/thumb/v7e-m+fp/hard/crti.o
 .ARM.attributes
                0x000000000000001e       0x34 c:/st/stm32cubeide_1.11.2/stm32cubeide/plugins/com.st.stm32cube.ide.mcu.externaltools.gnu-tools-for-stm32.10.3-2021.10.win32_1.0.100.202210260954/tools/bin/../lib/gcc/arm-none-eabi/10.3.1/thumb/v7e-m+fp/hard/crtbegin.o
 .ARM.attributes
                0x0000000000000052       0x34 ./Src/usart_send.o
 .ARM.attributes
                0x0000000000000086       0x21 ./Startup/startup_stm32f446retx.o
 .ARM.attributes
                0x00000000000000a7       0x34 ./drivers/Src/stm32f446xx_gpio_driver.o
 .ARM.attributes
                0x00000000000000db       0x34 ./drivers/Src/stm32f446xx_rcc_driver.o
 .ARM.attributes
                0x000000000000010f       0x34 ./drivers/Src/stm32f446xx_usart_driver.o
 .ARM.attributes
                0x0000000000000143       0x34 c:/st/stm32cubeide_1.11.2/stm32cubeide/plugins/com.st.stm32cube.ide.mcu.externaltools.gnu-tools-for-stm32.10.3-2021.10.win32_1.0.100.202210260954/tools/bin/../lib/gcc/arm-none-eabi/10.3.1/../../../../arm-none-eabi/lib/thumb/v7e-m+fp/hard\libc_nano.a(lib_a-init.o)
 .ARM.attributes
                0x0000000000000177       0x17 c:/st/stm32cubeide_1.11.2/stm32cubeide/plugins/com.st.stm32cube.ide.mcu.externaltools.gnu-tools-for-stm32.10.3-2021.10.win32_1.0.100.202210260954/tools/bin/../lib/gcc/arm-none-eabi/10.3.1/../../../../arm-none-eabi/lib/thumb/v7e-m+fp/hard\libc_nano.a(lib_a-strlen.o)
 .ARM.attributes
                0x000000000000018e       0x1e c:/st/stm32cubeide_1.11.2/stm32cubeide/plugins/com.st.stm32cube.ide.mcu.externaltools.gnu-tools-for-stm32.10.3-2021.10.win32_1.0.100.202210260954/tools/bin/../lib/gcc/arm-none-eabi/10.3.1/thumb/v7e-m+fp/hard/crtn.o
OUTPUT(stm32f4xx_drivers.elf elf32-littlearm)
LOAD linker stubs
LOAD c:/st/stm32cubeide_1.11.2/stm32cubeide/plugins/com.st.stm32cube.ide.mcu.externaltools.gnu-tools-for-stm32.10.3-2021.10.win32_1.0.100.202210260954/tools/bin/../lib/gcc/arm-none-eabi/10.3.1/../../../../arm-none-eabi/lib/thumb/v7e-m+fp/hard\libc.a
LOAD c:/st/stm32cubeide_1.11.2/stm32cubeide/plugins/com.st.stm32cube.ide.mcu.externaltools.gnu-tools-for-stm32.10.3-2021.10.win32_1.0.100.202210260954/tools/bin/../lib/gcc/arm-none-eabi/10.3.1/../../../../arm-none-eabi/lib/thumb/v7e-m+fp/hard\libm.a
LOAD c:/st/stm32cubeide_1.11.2/stm32cubeide/plugins/com.st.stm32cube.ide.mcu.externaltools.gnu-tools-for-stm32.10.3-2021.10.win32_1.0.100.202210260954/tools/bin/../lib/gcc/arm-none-eabi/10.3.1/thumb/v7e-m+fp/hard\libgcc.a

.debug_info     0x0000000000000000     0x19ad
 .debug_info    0x0000000000000000      0x4bf ./Src/usart_send.o
 .debug_info    0x00000000000004bf       0x22 ./Startup/startup_stm32f446retx.o
 .debug_info    0x00000000000004e1      0x7d7 ./drivers/Src/stm32f446xx_gpio_driver.o
 .debug_info    0x0000000000000cb8      0x433 ./drivers/Src/stm32f446xx_rcc_driver.o
 .debug_info    0x00000000000010eb      0x8c2 ./drivers/Src/stm32f446xx_usart_driver.o

.debug_abbrev   0x0000000000000000      0x589
 .debug_abbrev  0x0000000000000000      0x173 ./Src/usart_send.o
 .debug_abbrev  0x0000000000000173       0x12 ./Startup/startup_stm32f446retx.o
 .debug_abbrev  0x0000000000000185      0x168 ./drivers/Src/stm32f446xx_gpio_driver.o
 .debug_abbrev  0x00000000000002ed       0xd1 ./drivers/Src/stm32f446xx_rcc_driver.o
 .debug_abbrev  0x00000000000003be      0x1cb ./drivers/Src/stm32f446xx_usart_driver.o

.debug_aranges  0x0000000000000000      0x198
 .debug_aranges
                0x0000000000000000       0x40 ./Src/usart_send.o
 .debug_aranges
                0x0000000000000040       0x28 ./Startup/startup_stm32f446retx.o
 .debug_aranges
                0x0000000000000068       0x70 ./drivers/Src/stm32f446xx_gpio_driver.o
 .debug_aranges
                0x00000000000000d8       0x30 ./drivers/Src/stm32f446xx_rcc_driver.o
 .debug_aranges
                0x0000000000000108       0x90 ./drivers/Src/stm32f446xx_usart_driver.o

.debug_ranges   0x0000000000000000      0x150
 .debug_ranges  0x0000000000000000       0x30 ./Src/usart_send.o
 .debug_ranges  0x0000000000000030       0x20 ./Startup/startup_stm32f446retx.o
 .debug_ranges  0x0000000000000050       0x60 ./drivers/Src/stm32f446xx_gpio_driver.o
 .debug_ranges  0x00000000000000b0       0x20 ./drivers/Src/stm32f446xx_rcc_driver.o
 .debug_ranges  0x00000000000000d0       0x80 ./drivers/Src/stm32f446xx_usart_driver.o

.debug_macro    0x0000000000000000     0x2d94
 .debug_macro   0x0000000000000000      0x247 ./Src/usart_send.o
 .debug_macro   0x0000000000000247      0xa84 ./Src/usart_send.o
 .debug_macro   0x0000000000000ccb       0x22 ./Src/usart_send.o
 .debug_macro   0x0000000000000ced       0x8e ./Src/usart_send.o
 .debug_macro   0x0000000000000d7b       0x51 ./Src/usart_send.o
 .debug_macro   0x0000000000000dcc      0x103 ./Src/usart_send.o
 .debug_macro   0x0000000000000ecf       0x6a ./Src/usart_send.o
 .debug_macro   0x0000000000000f39      0x1df ./Src/usart_send.o
 .debug_macro   0x0000000000001118      0x174 ./Src/usart_send.o
 .debug_macro   0x000000000000128c      0x863 ./Src/usart_send.o
 .debug_macro   0x0000000000001aef       0xc4 ./Src/usart_send.o
 .debug_macro   0x0000000000001bb3       0xc5 ./Src/usart_send.o
 .debug_macro   0x0000000000001c78       0xd0 ./Src/usart_send.o
 .debug_macro   0x0000000000001d48      0x133 ./Src/usart_send.o
 .debug_macro   0x0000000000001e7b       0x52 ./Src/usart_send.o
 .debug_macro   0x0000000000001ecd       0x1e ./Src/usart_send.o
 .debug_macro   0x0000000000001eeb       0x3c ./Src/usart_send.o
 .debug_macro   0x0000000000001f27       0x34 ./Src/usart_send.o
 .debug_macro   0x0000000000001f5b       0x16 ./Src/usart_send.o
 .debug_macro   0x0000000000001f71       0x43 ./Src/usart_send.o
 .debug_macro   0x0000000000001fb4       0x34 ./Src/usart_send.o
 .debug_macro   0x0000000000001fe8       0x10 ./Src/usart_send.o
 .debug_macro   0x0000000000001ff8       0x58 ./Src/usart_send.o
 .debug_macro   0x0000000000002050       0x71 ./Src/usart_send.o
 .debug_macro   0x00000000000020c1       0x1c ./Src/usart_send.o
 .debug_macro   0x00000000000020dd      0x12a ./Src/usart_send.o
 .debug_macro   0x0000000000002207      0x341 ./Src/usart_send.o
 .debug_macro   0x0000000000002548       0x10 ./Src/usart_send.o
 .debug_macro   0x0000000000002558       0x35 ./Src/usart_send.o
 .debug_macro   0x000000000000258d       0x20 ./Src/usart_send.o
 .debug_macro   0x00000000000025ad       0x1c ./Src/usart_send.o
 .debug_macro   0x00000000000025c9       0x10 ./Src/usart_send.o
 .debug_macro   0x00000000000025d9       0x10 ./Src/usart_send.o
 .debug_macro   0x00000000000025e9       0x1c ./Src/usart_send.o
 .debug_macro   0x0000000000002605       0x52 ./Src/usart_send.o
 .debug_macro   0x0000000000002657       0x22 ./Src/usart_send.o
 .debug_macro   0x0000000000002679       0x10 ./Src/usart_send.o
 .debug_macro   0x0000000000002689       0x52 ./Src/usart_send.o
 .debug_macro   0x00000000000026db       0xd5 ./Src/usart_send.o
 .debug_macro   0x00000000000027b0       0x1c ./Src/usart_send.o
 .debug_macro   0x00000000000027cc       0x3d ./Src/usart_send.o
 .debug_macro   0x0000000000002809       0x16 ./Src/usart_send.o
 .debug_macro   0x000000000000281f      0x145 ./Src/usart_send.o
 .debug_macro   0x0000000000002964       0xc2 ./drivers/Src/stm32f446xx_gpio_driver.o
 .debug_macro   0x0000000000002a26       0xbf ./drivers/Src/stm32f446xx_gpio_driver.o
 .debug_macro   0x0000000000002ae5       0xbc ./drivers/Src/stm32f446xx_rcc_driver.o
 .debug_macro   0x0000000000002ba1       0xc6 ./drivers/Src/stm32f446xx_usart_driver.o
 .debug_macro   0x0000000000002c67      0x12d ./drivers/Src/stm32f446xx_usart_driver.o

.debug_line     0x0000000000000000     0x22e1
 .debug_line    0x0000000000000000      0x73b ./Src/usart_send.o
 .debug_line    0x000000000000073b       0x84 ./Startup/startup_stm32f446retx.o
 .debug_line    0x00000000000007bf      0x9fa ./drivers/Src/stm32f446xx_gpio_driver.o
 .debug_line    0x00000000000011b9      0x564 ./drivers/Src/stm32f446xx_rcc_driver.o
 .debug_line    0x000000000000171d      0xbc4 ./drivers/Src/stm32f446xx_usart_driver.o

.debug_str      0x0000000000000000     0xb3c5
 .debug_str     0x0000000000000000     0xae7d ./Src/usart_send.o
                                       0xb084 (size before relaxing)
 .debug_str     0x000000000000ae7d       0x31 ./Startup/startup_stm32f446retx.o
                                         0x5e (size before relaxing)
 .debug_str     0x000000000000aeae      0x2d3 ./drivers/Src/stm32f446xx_gpio_driver.o
                                       0x7407 (size before relaxing)
 .debug_str     0x000000000000b181       0xd2 ./drivers/Src/stm32f446xx_rcc_driver.o
                                       0x7277 (size before relaxing)
 .debug_str     0x000000000000b253      0x172 ./drivers/Src/stm32f446xx_usart_driver.o
                                       0x7472 (size before relaxing)

.comment        0x0000000000000000       0x50
 .comment       0x0000000000000000       0x50 ./Src/usart_send.o
                                         0x51 (size before relaxing)
 .comment       0x0000000000000050       0x51 ./drivers/Src/stm32f446xx_gpio_driver.o
 .comment       0x0000000000000050       0x51 ./drivers/Src/stm32f446xx_rcc_driver.o
 .comment       0x0000000000000050       0x51 ./drivers/Src/stm32f446xx_usart_driver.o

.debug_frame    0x0000000000000000      0x584
 .debug_frame   0x0000000000000000       0xb8 ./Src/usart_send.o
 .debug_frame   0x00000000000000b8      0x1c8 ./drivers/Src/stm32f446xx_gpio_driver.o
 .debug_frame   0x0000000000000280       0x80 ./drivers/Src/stm32f446xx_rcc_driver.o
 .debug_frame   0x0000000000000300      0x258 ./drivers/Src/stm32f446xx_usart_driver.o
 .debug_frame   0x0000000000000558       0x2c c:/st/stm32cubeide_1.11.2/stm32cubeide/plugins/com.st.stm32cube.ide.mcu.externaltools.gnu-tools-for-stm32.10.3-2021.10.win32_1.0.100.202210260954/tools/bin/../lib/gcc/arm-none-eabi/10.3.1/../../../../arm-none-eabi/lib/thumb/v7e-m+fp/hard\libc_nano.a(lib_a-init.o)
